Component: ARM Compiler 5.06 update 6 (build 750) Tool: armlink [4d35ed]

==============================================================================

Section Cross References

    startup_stm32f103xe.o(RESET) refers to startup_stm32f103xe.o(STACK) for __initial_sp
    startup_stm32f103xe.o(RESET) refers to startup_stm32f103xe.o(.text) for Reset_Handler
    startup_stm32f103xe.o(RESET) refers to stm32f1xx_it.o(i.NMI_Handler) for NMI_Handler
    startup_stm32f103xe.o(RESET) refers to stm32f1xx_it.o(i.HardFault_Handler) for HardFault_Handler
    startup_stm32f103xe.o(RESET) refers to stm32f1xx_it.o(i.MemManage_Handler) for MemManage_Handler
    startup_stm32f103xe.o(RESET) refers to stm32f1xx_it.o(i.BusFault_Handler) for BusFault_Handler
    startup_stm32f103xe.o(RESET) refers to stm32f1xx_it.o(i.UsageFault_Handler) for UsageFault_Handler
    startup_stm32f103xe.o(RESET) refers to stm32f1xx_it.o(i.SVC_Handler) for SVC_Handler
    startup_stm32f103xe.o(RESET) refers to stm32f1xx_it.o(i.DebugMon_Handler) for DebugMon_Handler
    startup_stm32f103xe.o(RESET) refers to stm32f1xx_it.o(i.PendSV_Handler) for PendSV_Handler
    startup_stm32f103xe.o(RESET) refers to stm32f1xx_it.o(i.SysTick_Handler) for SysTick_Handler
    startup_stm32f103xe.o(RESET) refers to stm32f1xx_it.o(i.TIM6_IRQHandler) for TIM6_IRQHandler
    startup_stm32f103xe.o(.text) refers to system_stm32f1xx.o(i.SystemInit) for SystemInit
    startup_stm32f103xe.o(.text) refers to entry.o(.ARM.Collect$$$$00000000) for __main
    ext_port.o(i.sendStr) refers to strlen.o(.text) for strlen
    ext_port.o(i.sendStr) refers to stm32f1xx_hal_uart.o(i.HAL_UART_Transmit) for HAL_UART_Transmit
    ext_port.o(i.sendStr) refers to main.o(.bss) for huart1
    alarm.o(i.alarmInit) refers to alarm.o(i.alarmOn) for alarmOn
    alarm.o(i.alarmInit) refers to alarm.o(i.alarmOff) for alarmOff
    alarm.o(i.alarmInit) refers to alarm.o(.data) for .data
    alarm.o(i.alarmOff) refers to stm32f1xx_hal_tim.o(i.HAL_TIM_PWM_Stop) for HAL_TIM_PWM_Stop
    alarm.o(i.alarmOff) refers to alarm.o(.data) for .data
    alarm.o(i.alarmOn) refers to stm32f1xx_hal_tim.o(i.HAL_TIM_PWM_Start) for HAL_TIM_PWM_Start
    alarm.o(i.alarmOn) refers to alarm.o(.data) for .data
    alarm.o(i.genAlarmOff) refers to stm32f1xx_hal_tim.o(i.HAL_TIM_Base_Stop_IT) for HAL_TIM_Base_Stop_IT
    alarm.o(i.genAlarmOff) refers to alarm.o(i.alarmOff) for alarmOff
    alarm.o(i.genAlarmOff) refers to main.o(.bss) for htim6
    alarm.o(i.genAlarmOn) refers to stm32f1xx_hal_tim.o(i.HAL_TIM_Base_Start_IT) for HAL_TIM_Base_Start_IT
    alarm.o(i.genAlarmOn) refers to alarm.o(i.alarmOn) for alarmOn
    alarm.o(i.genAlarmOn) refers to main.o(.bss) for htim6
    alarm.o(i.genBeep) refers to alarm.o(i.alarmOn) for alarmOn
    alarm.o(i.genBeep) refers to stm32f1xx_hal.o(i.HAL_Delay) for HAL_Delay
    alarm.o(i.genBeep) refers to alarm.o(i.alarmOff) for alarmOff
    alarm.o(i.genBeep) refers to alarm.o(.data) for .data
    main.o(i.MX_ADC1_Init) refers to stm32f1xx_hal_adc.o(i.HAL_ADC_Init) for HAL_ADC_Init
    main.o(i.MX_ADC1_Init) refers to main.o(i.Error_Handler) for Error_Handler
    main.o(i.MX_ADC1_Init) refers to stm32f1xx_hal_adc.o(i.HAL_ADC_ConfigChannel) for HAL_ADC_ConfigChannel
    main.o(i.MX_ADC1_Init) refers to main.o(.bss) for .bss
    main.o(i.MX_GPIO_Init) refers to stm32f1xx_hal_gpio.o(i.HAL_GPIO_WritePin) for HAL_GPIO_WritePin
    main.o(i.MX_GPIO_Init) refers to stm32f1xx_hal_gpio.o(i.HAL_GPIO_Init) for HAL_GPIO_Init
    main.o(i.MX_TIM2_Init) refers to memseta.o(.text) for __aeabi_memclr4
    main.o(i.MX_TIM2_Init) refers to stm32f1xx_hal_tim.o(i.HAL_TIM_Base_Init) for HAL_TIM_Base_Init
    main.o(i.MX_TIM2_Init) refers to main.o(i.Error_Handler) for Error_Handler
    main.o(i.MX_TIM2_Init) refers to stm32f1xx_hal_tim.o(i.HAL_TIM_ConfigClockSource) for HAL_TIM_ConfigClockSource
    main.o(i.MX_TIM2_Init) refers to stm32f1xx_hal_tim.o(i.HAL_TIM_PWM_Init) for HAL_TIM_PWM_Init
    main.o(i.MX_TIM2_Init) refers to stm32f1xx_hal_tim_ex.o(i.HAL_TIMEx_MasterConfigSynchronization) for HAL_TIMEx_MasterConfigSynchronization
    main.o(i.MX_TIM2_Init) refers to stm32f1xx_hal_tim.o(i.HAL_TIM_PWM_ConfigChannel) for HAL_TIM_PWM_ConfigChannel
    main.o(i.MX_TIM2_Init) refers to stm32f1xx_hal_msp.o(i.HAL_TIM_MspPostInit) for HAL_TIM_MspPostInit
    main.o(i.MX_TIM2_Init) refers to main.o(.bss) for .bss
    main.o(i.MX_TIM6_Init) refers to stm32f1xx_hal_tim.o(i.HAL_TIM_Base_Init) for HAL_TIM_Base_Init
    main.o(i.MX_TIM6_Init) refers to main.o(i.Error_Handler) for Error_Handler
    main.o(i.MX_TIM6_Init) refers to stm32f1xx_hal_tim_ex.o(i.HAL_TIMEx_MasterConfigSynchronization) for HAL_TIMEx_MasterConfigSynchronization
    main.o(i.MX_TIM6_Init) refers to main.o(.bss) for .bss
    main.o(i.MX_USART1_UART_Init) refers to stm32f1xx_hal_uart.o(i.HAL_UART_Init) for HAL_UART_Init
    main.o(i.MX_USART1_UART_Init) refers to main.o(i.Error_Handler) for Error_Handler
[...]
    Removing stm32f1xx_hal_flash_ex.o(.rev16_text), (4 bytes).
    Removing stm32f1xx_hal_flash_ex.o(.revsh_text), (4 bytes).
    Removing stm32f1xx_hal_flash_ex.o(.rrx_text), (6 bytes).
    Removing stm32f1xx_hal_flash_ex.o(i.FLASH_MassErase), (36 bytes).
    Removing stm32f1xx_hal_flash_ex.o(i.FLASH_OB_DisableWRP), (180 bytes).
    Removing stm32f1xx_hal_flash_ex.o(i.FLASH_OB_EnableWRP), (180 bytes).
    Removing stm32f1xx_hal_flash_ex.o(i.FLASH_OB_GetRDP), (24 bytes).
    Removing stm32f1xx_hal_flash_ex.o(i.FLASH_OB_GetUser), (16 bytes).
    Removing stm32f1xx_hal_flash_ex.o(i.FLASH_OB_GetWRP), (12 bytes).
    Removing stm32f1xx_hal_flash_ex.o(i.FLASH_OB_ProgramData), (64 bytes).
    Removing stm32f1xx_hal_flash_ex.o(i.FLASH_OB_RDP_LevelConfig), (100 bytes).
    Removing stm32f1xx_hal_flash_ex.o(i.FLASH_OB_UserConfig), (68 bytes).
    Removing stm32f1xx_hal_flash_ex.o(i.FLASH_PageErase), (36 bytes).
    Removing stm32f1xx_hal_flash_ex.o(i.HAL_FLASHEx_Erase), (168 bytes).
    Removing stm32f1xx_hal_flash_ex.o(i.HAL_FLASHEx_Erase_IT), (84 bytes).
    Removing stm32f1xx_hal_flash_ex.o(i.HAL_FLASHEx_OBErase), (84 bytes).
    Removing stm32f1xx_hal_flash_ex.o(i.HAL_FLASHEx_OBGetConfig), (28 bytes).
    Removing stm32f1xx_hal_flash_ex.o(i.HAL_FLASHEx_OBGetUserData), (32 bytes).
    Removing stm32f1xx_hal_flash_ex.o(i.HAL_FLASHEx_OBProgram), (124 bytes).
    Removing stm32f1xx_hal_exti.o(.rev16_text), (4 bytes).
    Removing stm32f1xx_hal_exti.o(.revsh_text), (4 bytes).
    Removing stm32f1xx_hal_exti.o(.rrx_text), (6 bytes).
    Removing stm32f1xx_hal_exti.o(i.HAL_EXTI_ClearConfigLine), (108 bytes).
    Removing stm32f1xx_hal_exti.o(i.HAL_EXTI_ClearPending), (20 bytes).
    Removing stm32f1xx_hal_exti.o(i.HAL_EXTI_GenerateSWI), (20 bytes).
    Removing stm32f1xx_hal_exti.o(i.HAL_EXTI_GetConfigLine), (156 bytes).
    Removing stm32f1xx_hal_exti.o(i.HAL_EXTI_GetHandle), (14 bytes).
    Removing stm32f1xx_hal_exti.o(i.HAL_EXTI_GetPending), (24 bytes).
    Removing stm32f1xx_hal_exti.o(i.HAL_EXTI_IRQHandler), (36 bytes).
    Removing stm32f1xx_hal_exti.o(i.HAL_EXTI_RegisterCallback), (16 bytes).
    Removing stm32f1xx_hal_exti.o(i.HAL_EXTI_SetConfigLine), (180 bytes).
    Removing stm32f1xx_hal_tim.o(.rev16_text), (4 bytes).
    Removing stm32f1xx_hal_tim.o(.revsh_text), (4 bytes).
    Removing stm32f1xx_hal_tim.o(.rrx_text), (6 bytes).
    Removing stm32f1xx_hal_tim.o(i.HAL_TIM_Base_DeInit), (72 bytes).
    Removing stm32f1xx_hal_tim.o(i.HAL_TIM_Base_GetState), (6 bytes).
    Removing stm32f1xx_hal_tim.o(i.HAL_TIM_Base_MspDeInit), (2 bytes).
    Removing stm32f1xx_hal_tim.o(i.HAL_TIM_Base_MspInit), (2 bytes).
    Removing stm32f1xx_hal_tim.o(i.HAL_TIM_Base_Start), (108 bytes).
    Removing stm32f1xx_hal_tim.o(i.HAL_TIM_Base_Start_DMA), (192 bytes).
    Removing stm32f1xx_hal_tim.o(i.HAL_TIM_Base_Stop), (38 bytes).
    Removing stm32f1xx_hal_tim.o(i.HAL_TIM_Base_Stop_DMA), (58 bytes).
    Removing stm32f1xx_hal_tim.o(i.HAL_TIM_ConfigOCrefClear), (226 bytes).
    Removing stm32f1xx_hal_tim.o(i.HAL_TIM_ConfigTI1Input), (16 bytes).
    Removing stm32f1xx_hal_tim.o(i.HAL_TIM_DMABurstState), (6 bytes).
    Removing stm32f1xx_hal_tim.o(i.HAL_TIM_DMABurst_MultiReadStart), (424 bytes).
    Removing stm32f1xx_hal_tim.o(i.HAL_TIM_DMABurst_MultiWriteStart), (424 bytes).
    Removing stm32f1xx_hal_tim.o(i.HAL_TIM_DMABurst_ReadStart), (18 bytes).
    Removing stm32f1xx_hal_tim.o(i.HAL_TIM_DMABurst_ReadStop), (126 bytes).
    Removing stm32f1xx_hal_tim.o(i.HAL_TIM_DMABurst_WriteStart), (18 bytes).
    Removing stm32f1xx_hal_tim.o(i.HAL_TIM_DMABurst_WriteStop), (126 bytes).
    Removing stm32f1xx_hal_tim.o(i.HAL_TIM_Encoder_DeInit), (64 bytes).
    Removing stm32f1xx_hal_tim.o(i.HAL_TIM_Encoder_GetState), (6 bytes).
    Removing stm32f1xx_hal_tim.o(i.HAL_TIM_Encoder_Init), (176 bytes).
    Removing stm32f1xx_hal_tim.o(i.HAL_TIM_Encoder_MspDeInit), (2 bytes).
    Removing stm32f1xx_hal_tim.o(i.HAL_TIM_Encoder_MspInit), (2 bytes).
    Removing stm32f1xx_hal_tim.o(i.HAL_TIM_Encoder_Start), (168 bytes).
    Removing stm32f1xx_hal_tim.o(i.HAL_TIM_Encoder_Start_DMA), (500 bytes).
    Removing stm32f1xx_hal_tim.o(i.HAL_TIM_Encoder_Start_IT), (208 bytes).
    Removing stm32f1xx_hal_tim.o(i.HAL_TIM_Encoder_Stop), (170 bytes).
    Removing stm32f1xx_hal_tim.o(i.HAL_TIM_Encoder_Stop_DMA), (234 bytes).
    Removing stm32f1xx_hal_tim.o(i.HAL_TIM_Encoder_Stop_IT), (210 bytes).
    Removing stm32f1xx_hal_tim.o(i.HAL_TIM_ErrorCallback), (2 bytes).
    Removing stm32f1xx_hal_tim.o(i.HAL_TIM_GenerateEvent), (38 bytes).
    Removing stm32f1xx_hal_tim.o(i.HAL_TIM_GetActiveChannel), (4 bytes).
    Removing stm32f1xx_hal_tim.o(i.HAL_TIM_GetChannelState), (36 bytes).
    Removing stm32f1xx_hal_tim.o(i.HAL_TIM_IC_CaptureHalfCpltCallback), (2 bytes).
    Removing stm32f1xx_hal_tim.o(i.HAL_TIM_IC_ConfigChannel), (180 bytes).
    Removing stm32f1xx_hal_tim.o(i.HAL_TIM_IC_DeInit), (72 bytes).
    Removing stm32f1xx_hal_tim.o(i.HAL_TIM_IC_GetState), (6 bytes).
    Removing stm32f1xx_hal_tim.o(i.HAL_TIM_IC_Init), (74 bytes).
    Removing stm32f1xx_hal_tim.o(i.HAL_TIM_IC_MspDeInit), (2 bytes).
    Removing stm32f1xx_hal_tim.o(i.HAL_TIM_IC_MspInit), (2 bytes).
    Removing stm32f1xx_hal_tim.o(i.HAL_TIM_IC_Start), (252 bytes).
    Removing stm32f1xx_hal_tim.o(i.HAL_TIM_IC_Start_DMA), (468 bytes).
    Removing stm32f1xx_hal_tim.o(i.HAL_TIM_IC_Start_IT), (312 bytes).
    Removing stm32f1xx_hal_tim.o(i.HAL_TIM_IC_Stop), (114 bytes).
    Removing stm32f1xx_hal_tim.o(i.HAL_TIM_IC_Stop_DMA), (200 bytes).
    Removing stm32f1xx_hal_tim.o(i.HAL_TIM_IC_Stop_IT), (172 bytes).
    Removing stm32f1xx_hal_tim.o(i.HAL_TIM_OC_ConfigChannel), (76 bytes).
    Removing stm32f1xx_hal_tim.o(i.HAL_TIM_OC_DeInit), (72 bytes).
    Removing stm32f1xx_hal_tim.o(i.HAL_TIM_OC_GetState), (6 bytes).
    Removing stm32f1xx_hal_tim.o(i.HAL_TIM_OC_Init), (74 bytes).
    Removing stm32f1xx_hal_tim.o(i.HAL_TIM_OC_MspDeInit), (2 bytes).
    Removing stm32f1xx_hal_tim.o(i.HAL_TIM_OC_MspInit), (2 bytes).
    Removing stm32f1xx_hal_tim.o(i.HAL_TIM_OC_Start), (200 bytes).
    Removing stm32f1xx_hal_tim.o(i.HAL_TIM_OC_Start_DMA), (448 bytes).
    Removing stm32f1xx_hal_tim.o(i.HAL_TIM_OC_Start_IT), (260 bytes).
    Removing stm32f1xx_hal_tim.o(i.HAL_TIM_OC_Stop), (124 bytes).
    Removing stm32f1xx_hal_tim.o(i.HAL_TIM_OC_Stop_DMA), (208 bytes).
    Removing stm32f1xx_hal_tim.o(i.HAL_TIM_OC_Stop_IT), (184 bytes).
    Removing stm32f1xx_hal_tim.o(i.HAL_TIM_OnePulse_ConfigChannel), (234 bytes).
    Removing stm32f1xx_hal_tim.o(i.HAL_TIM_OnePulse_DeInit), (64 bytes).
    Removing stm32f1xx_hal_tim.o(i.HAL_TIM_OnePulse_GetState), (6 bytes).
    Removing stm32f1xx_hal_tim.o(i.HAL_TIM_OnePulse_Init), (90 bytes).
    Removing stm32f1xx_hal_tim.o(i.HAL_TIM_OnePulse_MspDeInit), (2 bytes).
    Removing stm32f1xx_hal_tim.o(i.HAL_TIM_OnePulse_MspInit), (2 bytes).
    Removing stm32f1xx_hal_tim.o(i.HAL_TIM_OnePulse_Start), (108 bytes).
    Removing stm32f1xx_hal_tim.o(i.HAL_TIM_OnePulse_Start_IT), (128 bytes).
    Removing stm32f1xx_hal_tim.o(i.HAL_TIM_OnePulse_Stop), (112 bytes).
    Removing stm32f1xx_hal_tim.o(i.HAL_TIM_OnePulse_Stop_IT), (132 bytes).
    Removing stm32f1xx_hal_tim.o(i.HAL_TIM_PWM_DeInit), (72 bytes).
    Removing stm32f1xx_hal_tim.o(i.HAL_TIM_PWM_GetState), (6 bytes).
    Removing stm32f1xx_hal_tim.o(i.HAL_TIM_PWM_MspDeInit), (2 bytes).
    Removing stm32f1xx_hal_tim.o(i.HAL_TIM_PWM_PulseFinishedHalfCpltCallback), (2 bytes).
    Removing stm32f1xx_hal_tim.o(i.HAL_TIM_PWM_Start_DMA), (448 bytes).
    Removing stm32f1xx_hal_tim.o(i.HAL_TIM_PWM_Start_IT), (260 bytes).
    Removing stm32f1xx_hal_tim.o(i.HAL_TIM_PWM_Stop_DMA), (208 bytes).
    Removing stm32f1xx_hal_tim.o(i.HAL_TIM_PWM_Stop_IT), (184 bytes).
    Removing stm32f1xx_hal_tim.o(i.HAL_TIM_PeriodElapsedHalfCpltCallback), (2 bytes).
    Removing stm32f1xx_hal_tim.o(i.HAL_TIM_ReadCapturedValue), (44 bytes).
    Removing stm32f1xx_hal_tim.o(i.HAL_TIM_SlaveConfigSynchro), (80 bytes).
    Removing stm32f1xx_hal_tim.o(i.HAL_TIM_SlaveConfigSynchro_IT), (80 bytes).
    Removing stm32f1xx_hal_tim.o(i.HAL_TIM_TriggerHalfCpltCallback), (2 bytes).
    Removing stm32f1xx_hal_tim.o(i.TIM_DMACaptureCplt), (110 bytes).
    Removing stm32f1xx_hal_tim.o(i.TIM_DMACaptureHalfCplt), (62 bytes).
    Removing stm32f1xx_hal_tim.o(i.TIM_DMADelayPulseCplt), (94 bytes).
    Removing stm32f1xx_hal_tim.o(i.TIM_DMADelayPulseHalfCplt), (62 bytes).
    Removing stm32f1xx_hal_tim.o(i.TIM_DMAError), (84 bytes).
    Removing stm32f1xx_hal_tim.o(i.TIM_DMAPeriodElapsedCplt), (24 bytes).
    Removing stm32f1xx_hal_tim.o(i.TIM_DMAPeriodElapsedHalfCplt), (10 bytes).
    Removing stm32f1xx_hal_tim.o(i.TIM_DMATriggerCplt), (24 bytes).
    Removing stm32f1xx_hal_tim.o(i.TIM_DMATriggerHalfCplt), (10 bytes).
    Removing stm32f1xx_hal_tim.o(i.TIM_SlaveTimer_SetConfig), (134 bytes).
    Removing stm32f1xx_hal_tim.o(i.TIM_TI1_SetConfig), (108 bytes).
    Removing stm32f1xx_hal_tim.o(i.TIM_TI2_SetConfig), (54 bytes).
    Removing stm32f1xx_hal_tim.o(i.TIM_TI3_SetConfig), (50 bytes).
    Removing stm32f1xx_hal_tim.o(i.TIM_TI4_SetConfig), (56 bytes).
    Removing stm32f1xx_hal_tim_ex.o(.rev16_text), (4 bytes).
    Removing stm32f1xx_hal_tim_ex.o(.revsh_text), (4 bytes).
    Removing stm32f1xx_hal_tim_ex.o(.rrx_text), (6 bytes).
    Removing stm32f1xx_hal_tim_ex.o(i.HAL_TIMEx_CommutHalfCpltCallback), (2 bytes).
    Removing stm32f1xx_hal_tim_ex.o(i.HAL_TIMEx_ConfigBreakDeadTime), (84 bytes).
    Removing stm32f1xx_hal_tim_ex.o(i.HAL_TIMEx_ConfigCommutEvent), (112 bytes).
    Removing stm32f1xx_hal_tim_ex.o(i.HAL_TIMEx_ConfigCommutEvent_DMA), (144 bytes).
    Removing stm32f1xx_hal_tim_ex.o(i.HAL_TIMEx_ConfigCommutEvent_IT), (112 bytes).
    Removing stm32f1xx_hal_tim_ex.o(i.HAL_TIMEx_GetChannelNState), (36 bytes).
    Removing stm32f1xx_hal_tim_ex.o(i.HAL_TIMEx_HallSensor_DeInit), (64 bytes).
    Removing stm32f1xx_hal_tim_ex.o(i.HAL_TIMEx_HallSensor_GetState), (6 bytes).
    Removing stm32f1xx_hal_tim_ex.o(i.HAL_TIMEx_HallSensor_Init), (210 bytes).
    Removing stm32f1xx_hal_tim_ex.o(i.HAL_TIMEx_HallSensor_MspDeInit), (2 bytes).
    Removing stm32f1xx_hal_tim_ex.o(i.HAL_TIMEx_HallSensor_MspInit), (2 bytes).
    Removing stm32f1xx_hal_tim_ex.o(i.HAL_TIMEx_HallSensor_Start), (152 bytes).
    Removing stm32f1xx_hal_tim_ex.o(i.HAL_TIMEx_HallSensor_Start_DMA), (220 bytes).
    Removing stm32f1xx_hal_tim_ex.o(i.HAL_TIMEx_HallSensor_Start_IT), (164 bytes).
    Removing stm32f1xx_hal_tim_ex.o(i.HAL_TIMEx_HallSensor_Stop), (58 bytes).
    Removing stm32f1xx_hal_tim_ex.o(i.HAL_TIMEx_HallSensor_Stop_DMA), (70 bytes).
    Removing stm32f1xx_hal_tim_ex.o(i.HAL_TIMEx_HallSensor_Stop_IT), (68 bytes).
    Removing stm32f1xx_hal_tim_ex.o(i.HAL_TIMEx_OCN_Start), (188 bytes).
    Removing stm32f1xx_hal_tim_ex.o(i.HAL_TIMEx_OCN_Start_DMA), (396 bytes).
    Removing stm32f1xx_hal_tim_ex.o(i.HAL_TIMEx_OCN_Start_IT), (244 bytes).
    Removing stm32f1xx_hal_tim_ex.o(i.HAL_TIMEx_OCN_Stop), (106 bytes).
    Removing stm32f1xx_hal_tim_ex.o(i.HAL_TIMEx_OCN_Stop_DMA), (168 bytes).
    Removing stm32f1xx_hal_tim_ex.o(i.HAL_TIMEx_OCN_Stop_IT), (166 bytes).
    Removing stm32f1xx_hal_tim_ex.o(i.HAL_TIMEx_OnePulseN_Start), (190 bytes).
    Removing stm32f1xx_hal_tim_ex.o(i.HAL_TIMEx_OnePulseN_Start_IT), (210 bytes).
    Removing stm32f1xx_hal_tim_ex.o(i.HAL_TIMEx_OnePulseN_Stop), (158 bytes).
    Removing stm32f1xx_hal_tim_ex.o(i.HAL_TIMEx_OnePulseN_Stop_IT), (178 bytes).
    Removing stm32f1xx_hal_tim_ex.o(i.HAL_TIMEx_PWMN_Start), (188 bytes).
    Removing stm32f1xx_hal_tim_ex.o(i.HAL_TIMEx_PWMN_Start_DMA), (396 bytes).
    Removing stm32f1xx_hal_tim_ex.o(i.HAL_TIMEx_PWMN_Start_IT), (244 bytes).
    Removing stm32f1xx_hal_tim_ex.o(i.HAL_TIMEx_PWMN_Stop), (106 bytes).
    Removing stm32f1xx_hal_tim_ex.o(i.HAL_TIMEx_PWMN_Stop_DMA), (168 bytes).
    Removing stm32f1xx_hal_tim_ex.o(i.HAL_TIMEx_PWMN_Stop_IT), (166 bytes).
    Removing stm32f1xx_hal_tim_ex.o(i.HAL_TIMEx_RemapConfig), (4 bytes).
    Removing stm32f1xx_hal_tim_ex.o(i.TIMEx_DMACommutationCplt), (16 bytes).
    Removing stm32f1xx_hal_tim_ex.o(i.TIMEx_DMACommutationHalfCplt), (16 bytes).
    Removing stm32f1xx_hal_tim_ex.o(i.TIM_CCxNChannelCmd), (26 bytes).
    Removing stm32f1xx_hal_tim_ex.o(i.TIM_DMADelayPulseNCplt), (94 bytes).
    Removing stm32f1xx_hal_tim_ex.o(i.TIM_DMAErrorCCxN), (62 bytes).
    Removing stm32f1xx_hal_uart.o(.rev16_text), (4 bytes).
    Removing stm32f1xx_hal_uart.o(.revsh_text), (4 bytes).
    Removing stm32f1xx_hal_uart.o(.rrx_text), (6 bytes).
    Removing stm32f1xx_hal_uart.o(i.HAL_HalfDuplex_EnableReceiver), (50 bytes).
    Removing stm32f1xx_hal_uart.o(i.HAL_HalfDuplex_EnableTransmitter), (50 bytes).
    Removing stm32f1xx_hal_uart.o(i.HAL_HalfDuplex_Init), (110 bytes).
    Removing stm32f1xx_hal_uart.o(i.HAL_LIN_Init), (130 bytes).
    Removing stm32f1xx_hal_uart.o(i.HAL_LIN_SendBreak), (46 bytes).
    Removing stm32f1xx_hal_uart.o(i.HAL_MultiProcessor_EnterMuteMode), (46 bytes).
    Removing stm32f1xx_hal_uart.o(i.HAL_MultiProcessor_ExitMuteMode), (46 bytes).
    Removing stm32f1xx_hal_uart.o(i.HAL_MultiProcessor_Init), (144 bytes).
    Removing stm32f1xx_hal_uart.o(i.HAL_UART_Abort), (144 bytes).
    Removing stm32f1xx_hal_uart.o(i.HAL_UART_AbortCpltCallback), (2 bytes).
    Removing stm32f1xx_hal_uart.o(i.HAL_UART_AbortReceive), (88 bytes).
    Removing stm32f1xx_hal_uart.o(i.HAL_UART_AbortReceiveCpltCallback), (2 bytes).
    Removing stm32f1xx_hal_uart.o(i.HAL_UART_AbortReceive_IT), (108 bytes).
    Removing stm32f1xx_hal_uart.o(i.HAL_UART_AbortTransmit), (78 bytes).
    Removing stm32f1xx_hal_uart.o(i.HAL_UART_AbortTransmitCpltCallback), (2 bytes).
    Removing stm32f1xx_hal_uart.o(i.HAL_UART_AbortTransmit_IT), (96 bytes).
    Removing stm32f1xx_hal_uart.o(i.HAL_UART_Abort_IT), (180 bytes).
    Removing stm32f1xx_hal_uart.o(i.HAL_UART_DMAPause), (102 bytes).
    Removing stm32f1xx_hal_uart.o(i.HAL_UART_DMAResume), (94 bytes).
    Removing stm32f1xx_hal_uart.o(i.HAL_UART_DMAStop), (88 bytes).
    Removing stm32f1xx_hal_uart.o(i.HAL_UART_DeInit), (48 bytes).
    Removing stm32f1xx_hal_uart.o(i.HAL_UART_ErrorCallback), (2 bytes).
    Removing stm32f1xx_hal_uart.o(i.HAL_UART_GetError), (4 bytes).
    Removing stm32f1xx_hal_uart.o(i.HAL_UART_GetState), (12 bytes).
    Removing stm32f1xx_hal_uart.o(i.HAL_UART_IRQHandler), (276 bytes).
    Removing stm32f1xx_hal_uart.o(i.HAL_UART_MspDeInit), (2 bytes).
    Removing stm32f1xx_hal_uart.o(i.HAL_UART_MspInit), (2 bytes).
    Removing stm32f1xx_hal_uart.o(i.HAL_UART_Receive), (198 bytes).
    Removing stm32f1xx_hal_uart.o(i.HAL_UART_Receive_DMA), (156 bytes).
    Removing stm32f1xx_hal_uart.o(i.HAL_UART_Receive_IT), (86 bytes).
    Removing stm32f1xx_hal_uart.o(i.HAL_UART_RxCpltCallback), (2 bytes).
    Removing stm32f1xx_hal_uart.o(i.HAL_UART_RxHalfCpltCallback), (2 bytes).
    Removing stm32f1xx_hal_uart.o(i.HAL_UART_Transmit_DMA), (140 bytes).
    Removing stm32f1xx_hal_uart.o(i.HAL_UART_Transmit_IT), (66 bytes).
    Removing stm32f1xx_hal_uart.o(i.HAL_UART_TxCpltCallback), (2 bytes).
    Removing stm32f1xx_hal_uart.o(i.HAL_UART_TxHalfCpltCallback), (2 bytes).
    Removing stm32f1xx_hal_uart.o(i.UART_DMAAbortOnError), (16 bytes).
    Removing stm32f1xx_hal_uart.o(i.UART_DMAError), (74 bytes).
    Removing stm32f1xx_hal_uart.o(i.UART_DMAReceiveCplt), (60 bytes).
    Removing stm32f1xx_hal_uart.o(i.UART_DMARxAbortCallback), (44 bytes).
    Removing stm32f1xx_hal_uart.o(i.UART_DMARxHalfCplt), (10 bytes).
    Removing stm32f1xx_hal_uart.o(i.UART_DMARxOnlyAbortCallback), (20 bytes).
    Removing stm32f1xx_hal_uart.o(i.UART_DMATransmitCplt), (46 bytes).
    Removing stm32f1xx_hal_uart.o(i.UART_DMATxAbortCallback), (44 bytes).
    Removing stm32f1xx_hal_uart.o(i.UART_DMATxHalfCplt), (10 bytes).
    Removing stm32f1xx_hal_uart.o(i.UART_DMATxOnlyAbortCallback), (20 bytes).
    Removing stm32f1xx_hal_uart.o(i.UART_EndRxTransfer), (28 bytes).
    Removing stm32f1xx_hal_uart.o(i.UART_EndTransmit_IT), (26 bytes).
    Removing stm32f1xx_hal_uart.o(i.UART_EndTxTransfer), (18 bytes).
    Removing stm32f1xx_hal_uart.o(i.UART_Receive_IT), (146 bytes).
    Removing stm32f1xx_hal_uart.o(i.UART_Transmit_IT), (94 bytes).
    Removing system_stm32f1xx.o(.rev16_text), (4 bytes).
    Removing system_stm32f1xx.o(.revsh_text), (4 bytes).
    Removing system_stm32f1xx.o(.rrx_text), (6 bytes).
    Removing system_stm32f1xx.o(i.SystemCoreClockUpdate), (124 bytes).
    Removing retarget_io.o(i.ITM_ReceiveChar), (28 bytes).
    Removing retarget_io.o(i.__aeabi_assert), (144 bytes).
    Removing retarget_io.o(i.__backspace), (44 bytes).
    Removing retarget_io.o(i.abort), (2 bytes).
    Removing retarget_io.o(i.fgetc), (48 bytes).
    Removing retarget_io.o(i.stdin_getchar), (12 bytes).
    Removing retarget_io.o(.data), (12 bytes).
    Removing fadd.o(.text), (176 bytes).
    Removing fmul.o(.text), (100 bytes).
    Removing fdiv.o(.text), (124 bytes).
    Removing fscalb.o(.text), (24 bytes).
    Removing fflti.o(.text), (18 bytes).
    Removing ffixi.o(.text), (50 bytes).
    Removing cfrcmple.o(.text), (20 bytes).
    Removing fepilogue.o(.text), (110 bytes).
    Removing alarm.o(i.genBeepOK), (12 bytes).
    Removing alarm.o(i.genBeepFail), (14 bytes).
    Removing alarm.o(i.genBeepError), (40 bytes).

505 unused section(s) (total 70890 bytes) removed from the image.

==============================================================================

Image Symbol Table

    Local Symbols

    Symbol Name                              Value     Ov Type        Size  Object(Section)

    ../Core/Src/main.c                       0x00000000   Number         0  main.o ABSOLUTE
    ../Core/Src/stm32f1xx_hal_msp.c          0x00000000   Number         0  stm32f1xx_hal_msp.o ABSOLUTE
    ../Core/Src/stm32f1xx_it.c               0x00000000   Number         0  stm32f1xx_it.o ABSOLUTE
    ../Core/Src/system_stm32f1xx.c           0x00000000   Number         0  system_stm32f1xx.o ABSOLUTE
    ../Drivers/STM32F1xx_HAL_Driver/Src/stm32f1xx_hal.c 0x00000000   Number         0  stm32f1xx_hal.o ABSOLUTE
    ../Drivers/STM32F1xx_HAL_Driver/Src/stm32f1xx_hal_adc.c 0x00000000   Number         0  stm32f1xx_hal_adc.o ABSOLUTE
    ../Drivers/STM32F1xx_HAL_Driver/Src/stm32f1xx_hal_adc_ex.c 0x00000000   Number         0  stm32f1xx_hal_adc_ex.o ABSOLUTE
    ../Drivers/STM32F1xx_HAL_Driver/Src/stm32f1xx_hal_cortex.c 0x00000000   Number         0  stm32f1xx_hal_cortex.o ABSOLUTE
    ../Drivers/STM32F1xx_HAL_Driver/Src/stm32f1xx_hal_dma.c 0x00000000   Number         0  stm32f1xx_hal_dma.o ABSOLUTE
    ../Drivers/STM32F1xx_HAL_Driver/Src/stm32f1xx_hal_exti.c 0x00000000   Number         0  stm32f1xx_hal_exti.o ABSOLUTE
    ../Drivers/STM32F1xx_HAL_Driver/Src/stm32f1xx_hal_flash.c 0x00000000   Number         0  stm32f1xx_hal_flash.o ABSOLUTE
    ../Drivers/STM32F1xx_HAL_Driver/Src/stm32f1xx_hal_flash_ex.c 0x00000000   Number         0  stm32f1xx_hal_flash_ex.o ABSOLUTE
    ../Drivers/STM32F1xx_HAL_Driver/Src/stm32f1xx_hal_gpio.c 0x00000000   Number         0  stm32f1xx_hal_gpio.o ABSOLUTE
    ../Drivers/STM32F1xx_HAL_Driver/Src/stm32f1xx_hal_gpio_ex.c 0x00000000   Number         0  stm32f1xx_hal_gpio_ex.o ABSOLUTE
    ../Drivers/STM32F1xx_HAL_Driver/Src/stm32f1xx_hal_pwr.c 0x00000000   Number         0  stm32f1xx_hal_pwr.o ABSOLUTE
    ../Drivers/STM32F1xx_HAL_Driver/Src/stm32f1xx_hal_rcc.c 0x00000000   Number         0  stm32f1xx_hal_rcc.o ABSOLUTE
    ../Drivers/STM32F1xx_HAL_Driver/Src/stm32f1xx_hal_rcc_ex.c 0x00000000   Number         0  stm32f1xx_hal_rcc_ex.o ABSOLUTE
    ../Drivers/STM32F1xx_HAL_Driver/Src/stm32f1xx_hal_tim.c 0x00000000   Number         0  stm32f1xx_hal_tim.o ABSOLUTE
    ../Drivers/STM32F1xx_HAL_Driver/Src/stm32f1xx_hal_tim_ex.c 0x00000000   Number         0  stm32f1xx_hal_tim_ex.o ABSOLUTE
    ../Drivers/STM32F1xx_HAL_Driver/Src/stm32f1xx_hal_uart.c 0x00000000   Number         0  stm32f1xx_hal_uart.o ABSOLUTE
    ../clib/microlib/init/entry.s            0x00000000   Number         0  entry11a.o ABSOLUTE
    ../clib/microlib/init/entry.s            0x00000000   Number         0  entry10b.o ABSOLUTE
    ../clib/microlib/init/entry.s            0x00000000   Number         0  entry7b.o ABSOLUTE
    ../clib/microlib/init/entry.s            0x00000000   Number         0  entry11b.o ABSOLUTE
    ../clib/microlib/init/entry.s            0x00000000   Number         0  entry8a.o ABSOLUTE
    ../clib/microlib/init/entry.s            0x00000000   Number         0  entry9a.o ABSOLUTE
    ../clib/microlib/init/entry.s            0x00000000   Number         0  entry10a.o ABSOLUTE
    ../clib/microlib/init/entry.s            0x00000000   Number         0  entry9b.o ABSOLUTE
    ../clib/microlib/init/entry.s            0x00000000   Number         0  entry.o ABSOLUTE
    ../clib/microlib/init/entry.s            0x00000000   Number         0  entry7a.o ABSOLUTE
    ../clib/microlib/init/entry.s            0x00000000   Number         0  entry5.o ABSOLUTE
    ../clib/microlib/init/entry.s            0x00000000   Number         0  entry2.o ABSOLUTE
    ../clib/microlib/init/entry.s            0x00000000   Number         0  entry8b.o ABSOLUTE
    ../clib/microlib/longlong.c              0x00000000   Number         0  llushr.o ABSOLUTE
    ../clib/microlib/stdio/fputs.c           0x00000000   Number         0  fputs_e.o ABSOLUTE
    ../clib/microlib/stdio/fputs.c           0x00000000   Number         0  fputs.o ABSOLUTE
    ../clib/microlib/stdio/putc.c            0x00000000   Number         0  putc.o ABSOLUTE
    ../clib/microlib/stdio/streams.c         0x00000000   Number         0  stderr.o ABSOLUTE
    ../clib/microlib/stdio/streams.c         0x00000000   Number         0  stdout.o ABSOLUTE
    ../clib/microlib/stdio/streams.c         0x00000000   Number         0  stdin.o ABSOLUTE
    ../clib/microlib/string/memcpy.c         0x00000000   Number         0  memcpyb.o ABSOLUTE
    ../clib/microlib/string/memcpy.c         0x00000000   Number         0  memcpya.o ABSOLUTE
    ../clib/microlib/string/memset.c         0x00000000   Number         0  memseta.o ABSOLUTE
    ../clib/microlib/string/strlen.c         0x00000000   Number         0  strlen.o ABSOLUTE
    ../clib/microlib/stubs.s                 0x00000000   Number         0  iusefp.o ABSOLUTE
    ../fplib/microlib/fpadd.c                0x00000000   Number         0  fadd.o ABSOLUTE
    ../fplib/microlib/fpdiv.c                0x00000000   Number         0  fdiv.o ABSOLUTE
    ../fplib/microlib/fpepilogue.c           0x00000000   Number         0  fepilogue.o ABSOLUTE
    ../fplib/microlib/fpfix.c                0x00000000   Number         0  ffixi.o ABSOLUTE
    ../fplib/microlib/fpflt.c                0x00000000   Number         0  fflti.o ABSOLUTE
    ../fplib/microlib/fpmul.c                0x00000000   Number         0  fmul.o ABSOLUTE
    ../fplib/microlib/fpscalb.c              0x00000000   Number         0  fscalb.o ABSOLUTE
    ../fplib/setjmp.s                        0x00000000   Number         0  setjmp.o ABSOLUTE
    ..\Core\Src\main.c                       0x00000000   Number         0  main.o ABSOLUTE
    ..\Core\Src\stm32f1xx_hal_msp.c          0x00000000   Number         0  stm32f1xx_hal_msp.o ABSOLUTE
    ..\Core\Src\stm32f1xx_it.c               0x00000000   Number         0  stm32f1xx_it.o ABSOLUTE
    ..\Core\Src\system_stm32f1xx.c           0x00000000   Number         0  system_stm32f1xx.o ABSOLUTE
    ..\Drivers\STM32F1xx_HAL_Driver\Src\stm32f1xx_hal.c 0x00000000   Number         0  stm32f1xx_hal.o ABSOLUTE
    ..\Drivers\STM32F1xx_HAL_Driver\Src\stm32f1xx_hal_adc.c 0x00000000   Number         0  stm32f1xx_hal_adc.o ABSOLUTE
    ..\Drivers\STM32F1xx_HAL_Driver\Src\stm32f1xx_hal_adc_ex.c 0x00000000   Number         0  stm32f1xx_hal_adc_ex.o ABSOLUTE
    ..\Drivers\STM32F1xx_HAL_Driver\Src\stm32f1xx_hal_cortex.c 0x00000000   Number         0  stm32f1xx_hal_cortex.o ABSOLUTE
    ..\Drivers\STM32F1xx_HAL_Driver\Src\stm32f1xx_hal_dma.c 0x00000000   Number         0  stm32f1xx_hal_dma.o ABSOLUTE
    ..\Drivers\STM32F1xx_HAL_Driver\Src\stm32f1xx_hal_exti.c 0x00000000   Number         0  stm32f1xx_hal_exti.o ABSOLUTE
    ..\Drivers\STM32F1xx_HAL_Driver\Src\stm32f1xx_hal_flash.c 0x00000000   Number         0  stm32f1xx_hal_flash.o ABSOLUTE
    ..\Drivers\STM32F1xx_HAL_Driver\Src\stm32f1xx_hal_flash_ex.c 0x00000000   Number         0  stm32f1xx_hal_flash_ex.o ABSOLUTE
    ..\Drivers\STM32F1xx_HAL_Driver\Src\stm32f1xx_hal_gpio.c 0x00000000   Number         0  stm32f1xx_hal_gpio.o ABSOLUTE
    ..\Drivers\STM32F1xx_HAL_Driver\Src\stm32f1xx_hal_gpio_ex.c 0x00000000   Number         0  stm32f1xx_hal_gpio_ex.o ABSOLUTE
    ..\Drivers\STM32F1xx_HAL_Driver\Src\stm32f1xx_hal_pwr.c 0x00000000   Number         0  stm32f1xx_hal_pwr.o ABSOLUTE
    ..\Drivers\STM32F1xx_HAL_Driver\Src\stm32f1xx_hal_rcc.c 0x00000000   Number         0  stm32f1xx_hal_rcc.o ABSOLUTE
    ..\Drivers\STM32F1xx_HAL_Driver\Src\stm32f1xx_hal_rcc_ex.c 0x00000000   Number         0  stm32f1xx_hal_rcc_ex.o ABSOLUTE
    ..\Drivers\STM32F1xx_HAL_Driver\Src\stm32f1xx_hal_tim.c 0x00000000   Number         0  stm32f1xx_hal_tim.o ABSOLUTE
    ..\Drivers\STM32F1xx_HAL_Driver\Src\stm32f1xx_hal_tim_ex.c 0x00000000   Number         0  stm32f1xx_hal_tim_ex.o ABSOLUTE
    ..\Drivers\STM32F1xx_HAL_Driver\Src\stm32f1xx_hal_uart.c 0x00000000   Number         0  stm32f1xx_hal_uart.o ABSOLUTE
    D:\Users\Javad\AppData\Local\Arm\Packs\Keil\ARM_Compiler\1.6.3\Source\retarget_io.c 0x00000000   Number         0  retarget_io.o ABSOLUTE
    TDD\cmock.c                              0x00000000   Number         0  cmock.o ABSOLUTE
    TDD\unity.c                              0x00000000   Number         0  unity.o ABSOLUTE
    alarm.c                                  0x00000000   Number         0  alarm.o ABSOLUTE
    alarm.c                                  0x00000000   Number         0  alarm.o ABSOLUTE
    cfrcmple.s                               0x00000000   Number         0  cfrcmple.o ABSOLUTE
    dc.s                                     0x00000000   Number         0  dc.o ABSOLUTE
    ext_port.c                               0x00000000   Number         0  ext_port.o ABSOLUTE
    ext_port.c                               0x00000000   Number         0  ext_port.o ABSOLUTE
    handlers.s                               0x00000000   Number         0  handlers.o ABSOLUTE
    init.s                                   0x00000000   Number         0  init.o ABSOLUTE
    mainTest.c                               0x00000000   Number         0  maintest.o ABSOLUTE
    mainTest.c                               0x00000000   Number         0  maintest.o ABSOLUTE
    mainTest_Runner.c                        0x00000000   Number         0  maintest_runner.o ABSOLUTE
    mainTest_Runner.c                        0x00000000   Number         0  maintest_runner.o ABSOLUTE
    startup_stm32f103xe.s                    0x00000000   Number         0  startup_stm32f103xe.o ABSOLUTE
    RESET                                    0x08000000   Section      304  startup_stm32f103xe.o(RESET)
    .ARM.Collect$$$$00000000                 0x08000130   Section        0  entry.o(.ARM.Collect$$$$00000000)
    .ARM.Collect$$$$00000001                 0x08000130   Section        4  entry2.o(.ARM.Collect$$$$00000001)
    .ARM.Collect$$$$00000004                 0x08000134   Section        4  entry5.o(.ARM.Collect$$$$00000004)
    .ARM.Collect$$$$00000008                 0x08000138   Section        0  entry7b.o(.ARM.Collect$$$$00000008)
    .ARM.Collect$$$$0000000A                 0x08000138   Section        0  entry8b.o(.ARM.Collect$$$$0000000A)
    .ARM.Collect$$$$0000000B                 0x08000138   Section        8  entry9a.o(.ARM.Collect$$$$0000000B)
    .ARM.Collect$$$$0000000D                 0x08000140   Section        0  entry10a.o(.ARM.Collect$$$$0000000D)
    .ARM.Collect$$$$0000000F                 0x08000140   Section        0  entry11a.o(.ARM.Collect$$$$0000000F)
    .ARM.Collect$$$$00002712                 0x08000140   Section        4  entry2.o(.ARM.Collect$$$$00002712)
    __lit__00000000                          0x08000140   Data           4  entry2.o(.ARM.Collect$$$$00002712)
    .text                                    0x08000144   Section       36  startup_stm32f103xe.o(.text)
    .text                                    0x08000168   Section        0  memcpya.o(.text)
    .text                                    0x0800018c   Section        0  memseta.o(.text)
    .text                                    0x080001b0   Section        0  strlen.o(.text)
    .text                                    0x080001be   Section       62  setjmp.o(.text)
    .text                                    0x080001fc   Section       36  init.o(.text)
    i.ADC_ConversionStop_Disable             0x08000220   Section        0  stm32f1xx_hal_adc.o(i.ADC_ConversionStop_Disable)
    i.BusFault_Handler                       0x0800026a   Section        0  stm32f1xx_it.o(i.BusFault_Handler)
    i.CMock_Destroy                          0x0800026c   Section        0  maintest_runner.o(i.CMock_Destroy)
    CMock_Destroy                            0x0800026d   Thumb Code     2  maintest_runner.o(i.CMock_Destroy)
    i.CMock_Init                             0x0800026e   Section        0  maintest_runner.o(i.CMock_Init)
    CMock_Init                               0x0800026f   Thumb Code     2  maintest_runner.o(i.CMock_Init)
    i.CMock_Verify                           0x08000270   Section        0  maintest_runner.o(i.CMock_Verify)
    CMock_Verify                             0x08000271   Thumb Code     2  maintest_runner.o(i.CMock_Verify)
    i.DebugMon_Handler                       0x08000272   Section        0  stm32f1xx_it.o(i.DebugMon_Handler)
    i.Error_Handler                          0x08000274   Section        0  main.o(i.Error_Handler)
    i.HAL_ADC_ConfigChannel                  0x08000278   Section        0  stm32f1xx_hal_adc.o(i.HAL_ADC_ConfigChannel)
    i.HAL_ADC_Init                           0x08000380   Section        0  stm32f1xx_hal_adc.o(i.HAL_ADC_Init)
    i.HAL_ADC_MspInit                        0x080004a4   Section        0  stm32f1xx_hal_msp.o(i.HAL_ADC_MspInit)
    i.HAL_Delay                              0x080004fc   Section        0  stm32f1xx_hal.o(i.HAL_Delay)
    i.HAL_GPIO_Init                          0x08000520   Section        0  stm32f1xx_hal_gpio.o(i.HAL_GPIO_Init)
    i.HAL_GPIO_TogglePin                     0x08000734   Section        0  stm32f1xx_hal_gpio.o(i.HAL_GPIO_TogglePin)
    i.HAL_GPIO_WritePin                      0x08000744   Section        0  stm32f1xx_hal_gpio.o(i.HAL_GPIO_WritePin)
    i.HAL_GetTick                            0x08000754   Section        0  stm32f1xx_hal.o(i.HAL_GetTick)
    i.HAL_IncTick                            0x08000760   Section        0  stm32f1xx_hal.o(i.HAL_IncTick)
    i.HAL_Init                               0x08000770   Section        0  stm32f1xx_hal.o(i.HAL_Init)
    i.HAL_InitTick                           0x08000794   Section        0  stm32f1xx_hal.o(i.HAL_InitTick)
    i.HAL_MspInit                            0x080007d8   Section        0  stm32f1xx_hal_msp.o(i.HAL_MspInit)
    i.HAL_NVIC_EnableIRQ                     0x08000814   Section        0  stm32f1xx_hal_cortex.o(i.HAL_NVIC_EnableIRQ)
    i.HAL_NVIC_SetPriority                   0x08000830   Section        0  stm32f1xx_hal_cortex.o(i.HAL_NVIC_SetPriority)
    i.HAL_NVIC_SetPriorityGrouping           0x08000870   Section        0  stm32f1xx_hal_cortex.o(i.HAL_NVIC_SetPriorityGrouping)
    i.HAL_RCCEx_PeriphCLKConfig              0x08000894   Section        0  stm32f1xx_hal_rcc_ex.o(i.HAL_RCCEx_PeriphCLKConfig)
    i.HAL_RCC_ClockConfig                    0x080009a0   Section        0  stm32f1xx_hal_rcc.o(i.HAL_RCC_ClockConfig)
    i.HAL_RCC_GetHCLKFreq                    0x08000af4   Section        0  stm32f1xx_hal_rcc.o(i.HAL_RCC_GetHCLKFreq)
    i.HAL_RCC_GetPCLK1Freq                   0x08000b00   Section        0  stm32f1xx_hal_rcc.o(i.HAL_RCC_GetPCLK1Freq)
    i.HAL_RCC_GetPCLK2Freq                   0x08000b20   Section        0  stm32f1xx_hal_rcc.o(i.HAL_RCC_GetPCLK2Freq)
    i.HAL_RCC_GetSysClockFreq                0x08000b40   Section        0  stm32f1xx_hal_rcc.o(i.HAL_RCC_GetSysClockFreq)
    i.HAL_RCC_OscConfig                      0x08000bb4   Section        0  stm32f1xx_hal_rcc.o(i.HAL_RCC_OscConfig)
    i.HAL_SYSTICK_Config                     0x08000f38   Section        0  stm32f1xx_hal_cortex.o(i.HAL_SYSTICK_Config)
    i.HAL_TIMEx_BreakCallback                0x08000f60   Section        0  stm32f1xx_hal_tim_ex.o(i.HAL_TIMEx_BreakCallback)
    i.HAL_TIMEx_CommutCallback               0x08000f62   Section        0  stm32f1xx_hal_tim_ex.o(i.HAL_TIMEx_CommutCallback)
    i.HAL_TIMEx_MasterConfigSynchronization  0x08000f64   Section        0  stm32f1xx_hal_tim_ex.o(i.HAL_TIMEx_MasterConfigSynchronization)
    i.HAL_TIM_Base_Init                      0x08000fe0   Section        0  stm32f1xx_hal_tim.o(i.HAL_TIM_Base_Init)
    i.HAL_TIM_Base_MspInit                   0x0800102c   Section        0  stm32f1xx_hal_msp.o(i.HAL_TIM_Base_MspInit)
    i.HAL_TIM_Base_Start_IT                  0x0800107c   Section        0  stm32f1xx_hal_tim.o(i.HAL_TIM_Base_Start_IT)
    i.HAL_TIM_Base_Stop_IT                   0x080010f4   Section        0  stm32f1xx_hal_tim.o(i.HAL_TIM_Base_Stop_IT)
    i.HAL_TIM_ConfigClockSource              0x08001124   Section        0  stm32f1xx_hal_tim.o(i.HAL_TIM_ConfigClockSource)
    i.HAL_TIM_IC_CaptureCallback             0x08001206   Section        0  stm32f1xx_hal_tim.o(i.HAL_TIM_IC_CaptureCallback)
    i.HAL_TIM_IRQHandler                     0x08001208   Section        0  stm32f1xx_hal_tim.o(i.HAL_TIM_IRQHandler)
    i.HAL_TIM_MspPostInit                    0x08001378   Section        0  stm32f1xx_hal_msp.o(i.HAL_TIM_MspPostInit)
    i.HAL_TIM_OC_DelayElapsedCallback        0x080013d8   Section        0  stm32f1xx_hal_tim.o(i.HAL_TIM_OC_DelayElapsedCallback)
    i.HAL_TIM_PWM_ConfigChannel              0x080013da   Section        0  stm32f1xx_hal_tim.o(i.HAL_TIM_PWM_ConfigChannel)
    i.HAL_TIM_PWM_Init                       0x080014ac   Section        0  stm32f1xx_hal_tim.o(i.HAL_TIM_PWM_Init)
    i.HAL_TIM_PWM_MspInit                    0x080014f6   Section        0  stm32f1xx_hal_tim.o(i.HAL_TIM_PWM_MspInit)
    i.HAL_TIM_PWM_PulseFinishedCallback      0x080014f8   Section        0  stm32f1xx_hal_tim.o(i.HAL_TIM_PWM_PulseFinishedCallback)
    i.HAL_TIM_PWM_Start                      0x080014fc   Section        0  stm32f1xx_hal_tim.o(i.HAL_TIM_PWM_Start)
    i.HAL_TIM_PWM_Stop                       0x080015c4   Section        0  stm32f1xx_hal_tim.o(i.HAL_TIM_PWM_Stop)
    i.HAL_TIM_PeriodElapsedCallback          0x08001640   Section        0  stm32f1xx_hal_tim.o(i.HAL_TIM_PeriodElapsedCallback)
    i.HAL_TIM_TriggerCallback                0x08001642   Section        0  stm32f1xx_hal_tim.o(i.HAL_TIM_TriggerCallback)
    i.HAL_UART_Init                          0x08001644   Section        0  stm32f1xx_hal_uart.o(i.HAL_UART_Init)
    i.HAL_UART_MspInit                       0x080016a8   Section        0  stm32f1xx_hal_msp.o(i.HAL_UART_MspInit)
    i.HAL_UART_Transmit                      0x08001718   Section        0  stm32f1xx_hal_uart.o(i.HAL_UART_Transmit)
    i.HardFault_Handler                      0x080017d6   Section        0  stm32f1xx_it.o(i.HardFault_Handler)
    i.ITM_SendChar                           0x080017d8   Section        0  retarget_io.o(i.ITM_SendChar)
    i.MX_ADC1_Init                           0x080017fc   Section        0  main.o(i.MX_ADC1_Init)
    MX_ADC1_Init                             0x080017fd   Thumb Code    68  main.o(i.MX_ADC1_Init)
    i.MX_GPIO_Init                           0x08001848   Section        0  main.o(i.MX_GPIO_Init)
    MX_GPIO_Init                             0x08001849   Thumb Code   104  main.o(i.MX_GPIO_Init)
    i.MX_TIM2_Init                           0x080018b8   Section        0  main.o(i.MX_TIM2_Init)
    MX_TIM2_Init                             0x080018b9   Thumb Code   146  main.o(i.MX_TIM2_Init)
    i.MX_TIM6_Init                           0x08001950   Section        0  main.o(i.MX_TIM6_Init)
    MX_TIM6_Init                             0x08001951   Thumb Code    62  main.o(i.MX_TIM6_Init)
    i.MX_USART1_UART_Init                    0x08001998   Section        0  main.o(i.MX_USART1_UART_Init)
    MX_USART1_UART_Init                      0x08001999   Thumb Code    44  main.o(i.MX_USART1_UART_Init)
    i.MemManage_Handler                      0x080019cc   Section        0  stm32f1xx_it.o(i.MemManage_Handler)
    i.NMI_Handler                            0x080019ce   Section        0  stm32f1xx_it.o(i.NMI_Handler)
    i.PendSV_Handler                         0x080019d0   Section        0  stm32f1xx_it.o(i.PendSV_Handler)
    i.RCC_Delay                              0x080019d4   Section        0  stm32f1xx_hal_rcc.o(i.RCC_Delay)
    RCC_Delay                                0x080019d5   Thumb Code    30  stm32f1xx_hal_rcc.o(i.RCC_Delay)
    i.SVC_Handler                            0x080019f8   Section        0  stm32f1xx_it.o(i.SVC_Handler)
    i.SysTick_Handler                        0x080019fa   Section        0  stm32f1xx_it.o(i.SysTick_Handler)
    i.SystemClock_Config                     0x080019fe   Section        0  main.o(i.SystemClock_Config)
    i.SystemInit                             0x08001a6e   Section        0  system_stm32f1xx.o(i.SystemInit)
    i.TIM6_IRQHandler                        0x08001a70   Section        0  stm32f1xx_it.o(i.TIM6_IRQHandler)
    i.TIM_Base_SetConfig                     0x08001aac   Section        0  stm32f1xx_hal_tim.o(i.TIM_Base_SetConfig)
    i.TIM_CCxChannelCmd                      0x08001b3c   Section        0  stm32f1xx_hal_tim.o(i.TIM_CCxChannelCmd)
    i.TIM_ETR_SetConfig                      0x08001b56   Section        0  stm32f1xx_hal_tim.o(i.TIM_ETR_SetConfig)
    i.TIM_ITRx_SetConfig                     0x08001b6a   Section        0  stm32f1xx_hal_tim.o(i.TIM_ITRx_SetConfig)
    TIM_ITRx_SetConfig                       0x08001b6b   Thumb Code    16  stm32f1xx_hal_tim.o(i.TIM_ITRx_SetConfig)
    i.TIM_OC1_SetConfig                      0x08001b7c   Section        0  stm32f1xx_hal_tim.o(i.TIM_OC1_SetConfig)
    TIM_OC1_SetConfig                        0x08001b7d   Thumb Code    96  stm32f1xx_hal_tim.o(i.TIM_OC1_SetConfig)
    i.TIM_OC2_SetConfig                      0x08001be4   Section        0  stm32f1xx_hal_tim.o(i.TIM_OC2_SetConfig)
    i.TIM_OC3_SetConfig                      0x08001c58   Section        0  stm32f1xx_hal_tim.o(i.TIM_OC3_SetConfig)
    TIM_OC3_SetConfig                        0x08001c59   Thumb Code   104  stm32f1xx_hal_tim.o(i.TIM_OC3_SetConfig)
    i.TIM_OC4_SetConfig                      0x08001cc8   Section        0  stm32f1xx_hal_tim.o(i.TIM_OC4_SetConfig)
    TIM_OC4_SetConfig                        0x08001cc9   Thumb Code    74  stm32f1xx_hal_tim.o(i.TIM_OC4_SetConfig)
    i.TIM_TI1_ConfigInputStage               0x08001d1c   Section        0  stm32f1xx_hal_tim.o(i.TIM_TI1_ConfigInputStage)
    TIM_TI1_ConfigInputStage                 0x08001d1d   Thumb Code    34  stm32f1xx_hal_tim.o(i.TIM_TI1_ConfigInputStage)
    i.TIM_TI2_ConfigInputStage               0x08001d3e   Section        0  stm32f1xx_hal_tim.o(i.TIM_TI2_ConfigInputStage)
    TIM_TI2_ConfigInputStage                 0x08001d3f   Thumb Code    36  stm32f1xx_hal_tim.o(i.TIM_TI2_ConfigInputStage)
    i.UART_SetConfig                         0x08001d64   Section        0  stm32f1xx_hal_uart.o(i.UART_SetConfig)
    UART_SetConfig                           0x08001d65   Thumb Code   178  stm32f1xx_hal_uart.o(i.UART_SetConfig)
    i.UART_WaitOnFlagUntilTimeout            0x08001e1c   Section        0  stm32f1xx_hal_uart.o(i.UART_WaitOnFlagUntilTimeout)
    UART_WaitOnFlagUntilTimeout              0x08001e1d   Thumb Code   100  stm32f1xx_hal_uart.o(i.UART_WaitOnFlagUntilTimeout)
    i.UnityAddMsgIfSpecified                 0x08001e80   Section        0  unity.o(i.UnityAddMsgIfSpecified)
    UnityAddMsgIfSpecified                   0x08001e81   Thumb Code    68  unity.o(i.UnityAddMsgIfSpecified)
    i.UnityAssertEqualNumber                 0x08001ed0   Section        0  unity.o(i.UnityAssertEqualNumber)
    i.UnityBegin                             0x08001f3c   Section        0  unity.o(i.UnityBegin)
    i.UnityConcludeTest                      0x08001f5c   Section        0  unity.o(i.UnityConcludeTest)
    i.UnityEnd                               0x08001fa8   Section        0  unity.o(i.UnityEnd)
    i.UnityFail                              0x08002024   Section        0  unity.o(i.UnityFail)
    i.UnityPrint                             0x080020b0   Section        0  unity.o(i.UnityPrint)
    i.UnityPrintChar                         0x080020cc   Section        0  unity.o(i.UnityPrintChar)
    UnityPrintChar                           0x080020cd   Thumb Code   100  unity.o(i.UnityPrintChar)
    i.UnityPrintNumber                       0x08002134   Section        0  unity.o(i.UnityPrintNumber)
    i.UnityPrintNumberByStyle                0x08002158   Section        0  unity.o(i.UnityPrintNumberByStyle)
    i.UnityPrintNumberHex                    0x0800220c   Section        0  unity.o(i.UnityPrintNumberHex)
    i.UnityPrintNumberUnsigned               0x0800224c   Section        0  unity.o(i.UnityPrintNumberUnsigned)
    i.UnityTestResultsBegin                  0x08002288   Section        0  unity.o(i.UnityTestResultsBegin)
    UnityTestResultsBegin                    0x08002289   Thumb Code    50  unity.o(i.UnityTestResultsBegin)
    i.UnityTestResultsFailBegin              0x080022c4   Section        0  unity.o(i.UnityTestResultsFailBegin)
    UnityTestResultsFailBegin                0x080022c5   Thumb Code    30  unity.o(i.UnityTestResultsFailBegin)
    i.UsageFault_Handler                     0x080022f0   Section        0  stm32f1xx_it.o(i.UsageFault_Handler)
    i.__NVIC_SetPriority                     0x080022f2   Section        0  stm32f1xx_hal_cortex.o(i.__NVIC_SetPriority)
    __NVIC_SetPriority                       0x080022f3   Thumb Code    32  stm32f1xx_hal_cortex.o(i.__NVIC_SetPriority)
    i.__scatterload_copy                     0x08002312   Section       14  handlers.o(i.__scatterload_copy)
    i.__scatterload_null                     0x08002320   Section        2  handlers.o(i.__scatterload_null)
    i.__scatterload_zeroinit                 0x08002322   Section       14  handlers.o(i.__scatterload_zeroinit)
    i.alarmInit                              0x08002330   Section        0  alarm.o(i.alarmInit)
    i.alarmOff                               0x08002348   Section        0  alarm.o(i.alarmOff)
    alarmOff                                 0x08002349   Thumb Code     8  alarm.o(i.alarmOff)
    i.alarmOn                                0x08002354   Section        0  alarm.o(i.alarmOn)
    alarmOn                                  0x08002355   Thumb Code     8  alarm.o(i.alarmOn)
    i.alarmSetPSC                            0x08002360   Section        0  alarm.o(i.alarmSetPSC)
    i.fputc                                  0x08002370   Section        0  retarget_io.o(i.fputc)
    i.genAlarmOff                            0x08002394   Section        0  alarm.o(i.genAlarmOff)
    i.genAlarmOn                             0x080023a8   Section        0  alarm.o(i.genAlarmOn)
    i.main                                   0x080023bc   Section        0  main.o(i.main)
    i.main_test                              0x080023e0   Section        0  maintest_runner.o(i.main_test)
    i.putc                                   0x08002474   Section        0  putc.o(i.putc)
    i.run_test                               0x08002478   Section        0  maintest_runner.o(i.run_test)
    run_test                                 0x08002479   Thumb Code    70  maintest_runner.o(i.run_test)
    i.sendStr                                0x080024c4   Section        0  ext_port.o(i.sendStr)
    i.setUp                                  0x080024e4   Section        0  maintest.o(i.setUp)
    i.stderr_putchar                         0x080024e6   Section        0  retarget_io.o(i.stderr_putchar)
    stderr_putchar                           0x080024e7   Thumb Code     4  retarget_io.o(i.stderr_putchar)
    i.stdout_putchar                         0x080024ea   Section        0  retarget_io.o(i.stdout_putchar)
    stdout_putchar                           0x080024eb   Thumb Code     4  retarget_io.o(i.stdout_putchar)
    i.tearDown                               0x080024ee   Section        0  maintest.o(i.tearDown)
    i.testALARMSensor                        0x080024f0   Section        0  maintest.o(i.testALARMSensor)
    i.testDebugPort                          0x0800253c   Section        0  maintest.o(i.testDebugPort)
    i.testGASSensor                          0x0800259c   Section        0  maintest.o(i.testGASSensor)
    i.testTempSensor                         0x0800259e   Section        0  maintest.o(i.testTempSensor)
    .constdata                               0x080025a0   Section      404  unity.o(.constdata)
    UnityStrSpacer                           0x080025a3   Data           3  unity.o(.constdata)
    UnityStrNull                             0x080025b0   Data           5  unity.o(.constdata)
    UnityStrNot                              0x080025b5   Data           5  unity.o(.constdata)
    UnityStrWas                              0x080025ba   Data           6  unity.o(.constdata)
    UnityStrByte                             0x080025c7   Data           7  unity.o(.constdata)
    UnityStrResultsTests                     0x080025ce   Data           8  unity.o(.constdata)
    UnityStrExpected                         0x080025d6   Data          11  unity.o(.constdata)
    UnityStrGt                               0x080025e1   Data          21  unity.o(.constdata)
    UnityStrLt                               0x080025f6   Data          18  unity.o(.constdata)
    UnityStrOrEqual                          0x08002608   Data          13  unity.o(.constdata)
    UnityStrNotEqual                         0x08002615   Data          21  unity.o(.constdata)
    UnityStrElement                          0x0800262a   Data          10  unity.o(.constdata)
    UnityStrMemory                           0x08002634   Data          18  unity.o(.constdata)
    UnityStrDelta                            0x08002646   Data          26  unity.o(.constdata)
    UnityStrPointless                        0x08002660   Data          55  unity.o(.constdata)
    UnityStrNullPointerForExpected           0x08002697   Data          29  unity.o(.constdata)
    UnityStrNullPointerForActual             0x080026b4   Data          25  unity.o(.constdata)
    UnityStrInvalidFloatTrait                0x080026cd   Data          20  unity.o(.constdata)
    UnityStrBreaker                          0x080026e1   Data          24  unity.o(.constdata)
    UnityStrResultsFailures                  0x080026f9   Data          11  unity.o(.constdata)
    UnityStrResultsIgnored                   0x08002704   Data          10  unity.o(.constdata)
    UnityStrDetail1Name                      0x0800270e   Data          10  unity.o(.constdata)
    UnityStrDetail2Name                      0x08002718   Data          11  unity.o(.constdata)
    .constdata                               0x08002734   Section        9  unity.o(.constdata)
    UnityStrInf                              0x08002734   Data           9  unity.o(.constdata)
    .constdata                               0x0800273d   Section       18  unity.o(.constdata)
    UnityStrNegInf                           0x0800273d   Data          18  unity.o(.constdata)
    .constdata                               0x0800274f   Section        4  unity.o(.constdata)
    UnityStrNaN                              0x0800274f   Data           4  unity.o(.constdata)
    .constdata                               0x08002753   Section       12  unity.o(.constdata)
    UnityStrDet                              0x08002753   Data          12  unity.o(.constdata)
    .constdata                               0x0800275f   Section       16  system_stm32f1xx.o(.constdata)
    .constdata                               0x0800276f   Section        8  system_stm32f1xx.o(.constdata)
    .data                                    0x20000000   Section        8  alarm.o(.data)
    gAlarmTimer                              0x20000000   Data           4  alarm.o(.data)
    gAlarmChannel                            0x20000004   Data           4  alarm.o(.data)
    .data                                    0x20000008   Section        4  stm32f1xx_it.o(.data)
    .data                                    0x2000000c   Section       12  stm32f1xx_hal.o(.data)
    .data                                    0x20000018   Section        4  system_stm32f1xx.o(.data)
    .data                                    0x2000001c   Section        4  stdout.o(.data)
    .data                                    0x20000020   Section        4  stderr.o(.data)
    .bss                                     0x20000024   Section      256  main.o(.bss)
    .bss                                     0x20000128   Section      200  unity.o(.bss)
    STACK                                    0x200001f0   Section     1024  startup_stm32f103xe.o(STACK)

    Global Symbols

    Symbol Name                              Value     Ov Type        Size  Object(Section)

    BuildAttributes$$THM_ISAv4$P$D$K$B$S$PE$A:L22UL41UL21$X:L11$S22US41US21$IEEE1$IW$USESV6$~STKCKD$USESV7$~SHL$OTIME$ROPI$EBA8$MICROLIB$REQ8$PRES8$EABIv2 0x00000000   Number         0  anon$$obj.o ABSOLUTE
    __ARM_use_no_argv                        0x00000000   Number         0  main.o ABSOLUTE
    __alloca_longjmp                          - Undefined Weak Reference
    __alloca_setjmp                           - Undefined Weak Reference
    __cpp_initialize__aeabi_                  - Undefined Weak Reference
    __cxa_finalize                            - Undefined Weak Reference
    __decompress                              - Undefined Weak Reference
    _clock_init                               - Undefined Weak Reference
    _microlib_exit                            - Undefined Weak Reference
    __Vectors_Size                           0x00000130   Number         0  startup_stm32f103xe.o ABSOLUTE
    __Vectors                                0x08000000   Data           4  startup_stm32f103xe.o(RESET)
    __Vectors_End                            0x08000130   Data           0  startup_stm32f103xe.o(RESET)
    __main                                   0x08000131   Thumb Code     0  entry.o(.ARM.Collect$$$$00000000)
    _main_stk                                0x08000131   Thumb Code     0  entry2.o(.ARM.Collect$$$$00000001)
    _main_scatterload                        0x08000135   Thumb Code     0  entry5.o(.ARM.Collect$$$$00000004)
    __main_after_scatterload                 0x08000139   Thumb Code     0  entry5.o(.ARM.Collect$$$$00000004)
    _main_clock                              0x08000139   Thumb Code     0  entry7b.o(.ARM.Collect$$$$00000008)
    _main_cpp_init                           0x08000139   Thumb Code     0  entry8b.o(.ARM.Collect$$$$0000000A)
    _main_init                               0x08000139   Thumb Code     0  entry9a.o(.ARM.Collect$$$$0000000B)
    __rt_final_cpp                           0x08000141   Thumb Code     0  entry10a.o(.ARM.Collect$$$$0000000D)
    __rt_final_exit                          0x08000141   Thumb Code     0  entry11a.o(.ARM.Collect$$$$0000000F)
    Reset_Handler                            0x08000145   Thumb Code     8  startup_stm32f103xe.o(.text)
    ADC1_2_IRQHandler                        0x0800015f   Thumb Code     0  startup_stm32f103xe.o(.text)
    ADC3_IRQHandler                          0x0800015f   Thumb Code     0  startup_stm32f103xe.o(.text)
    CAN1_RX1_IRQHandler                      0x0800015f   Thumb Code     0  startup_stm32f103xe.o(.text)
    CAN1_SCE_IRQHandler                      0x0800015f   Thumb Code     0  startup_stm32f103xe.o(.text)
    DMA1_Channel1_IRQHandler                 0x0800015f   Thumb Code     0  startup_stm32f103xe.o(.text)
    DMA1_Channel2_IRQHandler                 0x0800015f   Thumb Code     0  startup_stm32f103xe.o(.text)
    DMA1_Channel3_IRQHandler                 0x0800015f   Thumb Code     0  startup_stm32f103xe.o(.text)
    DMA1_Channel4_IRQHandler                 0x0800015f   Thumb Code     0  startup_stm32f103xe.o(.text)
    DMA1_Channel5_IRQHandler                 0x0800015f   Thumb Code     0  startup_stm32f103xe.o(.text)
    DMA1_Channel6_IRQHandler                 0x0800015f   Thumb Code     0  startup_stm32f103xe.o(.text)
    DMA1_Channel7_IRQHandler                 0x0800015f   Thumb Code     0  startup_stm32f103xe.o(.text)
    DMA2_Channel1_IRQHandler                 0x0800015f   Thumb Code     0  startup_stm32f103xe.o(.text)
    DMA2_Channel2_IRQHandler                 0x0800015f   Thumb Code     0  startup_stm32f103xe.o(.text)
    DMA2_Channel3_IRQHandler                 0x0800015f   Thumb Code     0  startup_stm32f103xe.o(.text)
    DMA2_Channel4_5_IRQHandler               0x0800015f   Thumb Code     0  startup_stm32f103xe.o(.text)
    EXTI0_IRQHandler                         0x0800015f   Thumb Code     0  startup_stm32f103xe.o(.text)
    EXTI15_10_IRQHandler                     0x0800015f   Thumb Code     0  startup_stm32f103xe.o(.text)
    EXTI1_IRQHandler                         0x0800015f   Thumb Code     0  startup_stm32f103xe.o(.text)
    EXTI2_IRQHandler                         0x0800015f   Thumb Code     0  startup_stm32f103xe.o(.text)
    EXTI3_IRQHandler                         0x0800015f   Thumb Code     0  startup_stm32f103xe.o(.text)
    EXTI4_IRQHandler                         0x0800015f   Thumb Code     0  startup_stm32f103xe.o(.text)
    EXTI9_5_IRQHandler                       0x0800015f   Thumb Code     0  startup_stm32f103xe.o(.text)
    FLASH_IRQHandler                         0x0800015f   Thumb Code     0  startup_stm32f103xe.o(.text)
    FSMC_IRQHandler                          0x0800015f   Thumb Code     0  startup_stm32f103xe.o(.text)
    I2C1_ER_IRQHandler                       0x0800015f   Thumb Code     0  startup_stm32f103xe.o(.text)
    I2C1_EV_IRQHandler                       0x0800015f   Thumb Code     0  startup_stm32f103xe.o(.text)
    I2C2_ER_IRQHandler                       0x0800015f   Thumb Code     0  startup_stm32f103xe.o(.text)
    I2C2_EV_IRQHandler                       0x0800015f   Thumb Code     0  startup_stm32f103xe.o(.text)
    PVD_IRQHandler                           0x0800015f   Thumb Code     0  startup_stm32f103xe.o(.text)
    RCC_IRQHandler                           0x0800015f   Thumb Code     0  startup_stm32f103xe.o(.text)
    RTC_Alarm_IRQHandler                     0x0800015f   Thumb Code     0  startup_stm32f103xe.o(.text)
    RTC_IRQHandler                           0x0800015f   Thumb Code     0  startup_stm32f103xe.o(.text)
    SDIO_IRQHandler                          0x0800015f   Thumb Code     0  startup_stm32f103xe.o(.text)
    SPI1_IRQHandler                          0x0800015f   Thumb Code     0  startup_stm32f103xe.o(.text)
    SPI2_IRQHandler                          0x0800015f   Thumb Code     0  startup_stm32f103xe.o(.text)
    SPI3_IRQHandler                          0x0800015f   Thumb Code     0  startup_stm32f103xe.o(.text)
    TAMPER_IRQHandler                        0x0800015f   Thumb Code     0  startup_stm32f103xe.o(.text)
    TIM1_BRK_IRQHandler                      0x0800015f   Thumb Code     0  startup_stm32f103xe.o(.text)
    TIM1_CC_IRQHandler                       0x0800015f   Thumb Code     0  startup_stm32f103xe.o(.text)
    TIM1_TRG_COM_IRQHandler                  0x0800015f   Thumb Code     0  startup_stm32f103xe.o(.text)
    TIM1_UP_IRQHandler                       0x0800015f   Thumb Code     0  startup_stm32f103xe.o(.text)
    TIM2_IRQHandler                          0x0800015f   Thumb Code     0  startup_stm32f103xe.o(.text)
    TIM3_IRQHandler                          0x0800015f   Thumb Code     0  startup_stm32f103xe.o(.text)
    TIM4_IRQHandler                          0x0800015f   Thumb Code     0  startup_stm32f103xe.o(.text)
    TIM5_IRQHandler                          0x0800015f   Thumb Code     0  startup_stm32f103xe.o(.text)
    TIM7_IRQHandler                          0x0800015f   Thumb Code     0  startup_stm32f103xe.o(.text)
    TIM8_BRK_IRQHandler                      0x0800015f   Thumb Code     0  startup_stm32f103xe.o(.text)
    TIM8_CC_IRQHandler                       0x0800015f   Thumb Code     0  startup_stm32f103xe.o(.text)
    TIM8_TRG_COM_IRQHandler                  0x0800015f   Thumb Code     0  startup_stm32f103xe.o(.text)
    TIM8_UP_IRQHandler                       0x0800015f   Thumb Code     0  startup_stm32f103xe.o(.text)
    UART4_IRQHandler                         0x0800015f   Thumb Code     0  startup_stm32f103xe.o(.text)
    UART5_IRQHandler                         0x0800015f   Thumb Code     0  startup_stm32f103xe.o(.text)
    USART1_IRQHandler                        0x0800015f   Thumb Code     0  startup_stm32f103xe.o(.text)
    USART2_IRQHandler                        0x0800015f   Thumb Code     0  startup_stm32f103xe.o(.text)
    USART3_IRQHandler                        0x0800015f   Thumb Code     0  startup_stm32f103xe.o(.text)
    USBWakeUp_IRQHandler                     0x0800015f   Thumb Code     0  startup_stm32f103xe.o(.text)
    USB_HP_CAN1_TX_IRQHandler                0x0800015f   Thumb Code     0  startup_stm32f103xe.o(.text)
    USB_LP_CAN1_RX0_IRQHandler               0x0800015f   Thumb Code     0  startup_stm32f103xe.o(.text)
    WWDG_IRQHandler                          0x0800015f   Thumb Code     0  startup_stm32f103xe.o(.text)
    __aeabi_memcpy                           0x08000169   Thumb Code    36  memcpya.o(.text)
    __aeabi_memcpy4                          0x08000169   Thumb Code     0  memcpya.o(.text)
    __aeabi_memcpy8                          0x08000169   Thumb Code     0  memcpya.o(.text)
    __aeabi_memset                           0x0800018d   Thumb Code    14  memseta.o(.text)
    __aeabi_memset4                          0x0800018d   Thumb Code     0  memseta.o(.text)
    __aeabi_memset8                          0x0800018d   Thumb Code     0  memseta.o(.text)
    __aeabi_memclr                           0x0800019b   Thumb Code     4  memseta.o(.text)
    __aeabi_memclr4                          0x0800019b   Thumb Code     0  memseta.o(.text)
    __aeabi_memclr8                          0x0800019b   Thumb Code     0  memseta.o(.text)
    _memset$wrapper                          0x0800019f   Thumb Code    18  memseta.o(.text)
    strlen                                   0x080001b1   Thumb Code    14  strlen.o(.text)
    setjmp                                   0x080001bf   Thumb Code    26  setjmp.o(.text)
    longjmp                                  0x080001d9   Thumb Code    36  setjmp.o(.text)
    __scatterload                            0x080001fd   Thumb Code    28  init.o(.text)
    __scatterload_rt2                        0x080001fd   Thumb Code     0  init.o(.text)
    ADC_ConversionStop_Disable               0x08000221   Thumb Code    74  stm32f1xx_hal_adc.o(i.ADC_ConversionStop_Disable)
    BusFault_Handler                         0x0800026b   Thumb Code     2  stm32f1xx_it.o(i.BusFault_Handler)
    DebugMon_Handler                         0x08000273   Thumb Code     2  stm32f1xx_it.o(i.DebugMon_Handler)
    Error_Handler                            0x08000275   Thumb Code     4  main.o(i.Error_Handler)
    HAL_ADC_ConfigChannel                    0x08000279   Thumb Code   250  stm32f1xx_hal_adc.o(i.HAL_ADC_ConfigChannel)
    HAL_ADC_Init                             0x08000381   Thumb Code   278  stm32f1xx_hal_adc.o(i.HAL_ADC_Init)
    HAL_ADC_MspInit                          0x080004a5   Thumb Code    74  stm32f1xx_hal_msp.o(i.HAL_ADC_MspInit)
    HAL_Delay                                0x080004fd   Thumb Code    32  stm32f1xx_hal.o(i.HAL_Delay)
    HAL_GPIO_Init                            0x08000521   Thumb Code   492  stm32f1xx_hal_gpio.o(i.HAL_GPIO_Init)
    HAL_GPIO_TogglePin                       0x08000735   Thumb Code    16  stm32f1xx_hal_gpio.o(i.HAL_GPIO_TogglePin)
    HAL_GPIO_WritePin                        0x08000745   Thumb Code    14  stm32f1xx_hal_gpio.o(i.HAL_GPIO_WritePin)
    HAL_GetTick                              0x08000755   Thumb Code     6  stm32f1xx_hal.o(i.HAL_GetTick)
    HAL_IncTick                              0x08000761   Thumb Code    12  stm32f1xx_hal.o(i.HAL_IncTick)
    HAL_Init                                 0x08000771   Thumb Code    32  stm32f1xx_hal.o(i.HAL_Init)
    HAL_InitTick                             0x08000795   Thumb Code    58  stm32f1xx_hal.o(i.HAL_InitTick)
    HAL_MspInit                              0x080007d9   Thumb Code    52  stm32f1xx_hal_msp.o(i.HAL_MspInit)
    HAL_NVIC_EnableIRQ                       0x08000815   Thumb Code    26  stm32f1xx_hal_cortex.o(i.HAL_NVIC_EnableIRQ)
    HAL_NVIC_SetPriority                     0x08000831   Thumb Code    60  stm32f1xx_hal_cortex.o(i.HAL_NVIC_SetPriority)
    HAL_NVIC_SetPriorityGrouping             0x08000871   Thumb Code    26  stm32f1xx_hal_cortex.o(i.HAL_NVIC_SetPriorityGrouping)
    HAL_RCCEx_PeriphCLKConfig                0x08000895   Thumb Code   256  stm32f1xx_hal_rcc_ex.o(i.HAL_RCCEx_PeriphCLKConfig)
    HAL_RCC_ClockConfig                      0x080009a1   Thumb Code   318  stm32f1xx_hal_rcc.o(i.HAL_RCC_ClockConfig)
    HAL_RCC_GetHCLKFreq                      0x08000af5   Thumb Code     6  stm32f1xx_hal_rcc.o(i.HAL_RCC_GetHCLKFreq)
    HAL_RCC_GetPCLK1Freq                     0x08000b01   Thumb Code    22  stm32f1xx_hal_rcc.o(i.HAL_RCC_GetPCLK1Freq)
    HAL_RCC_GetPCLK2Freq                     0x08000b21   Thumb Code    22  stm32f1xx_hal_rcc.o(i.HAL_RCC_GetPCLK2Freq)
    HAL_RCC_GetSysClockFreq                  0x08000b41   Thumb Code    82  stm32f1xx_hal_rcc.o(i.HAL_RCC_GetSysClockFreq)
    HAL_RCC_OscConfig                        0x08000bb5   Thumb Code   882  stm32f1xx_hal_rcc.o(i.HAL_RCC_OscConfig)
    HAL_SYSTICK_Config                       0x08000f39   Thumb Code    40  stm32f1xx_hal_cortex.o(i.HAL_SYSTICK_Config)
    HAL_TIMEx_BreakCallback                  0x08000f61   Thumb Code     2  stm32f1xx_hal_tim_ex.o(i.HAL_TIMEx_BreakCallback)
    HAL_TIMEx_CommutCallback                 0x08000f63   Thumb Code     2  stm32f1xx_hal_tim_ex.o(i.HAL_TIMEx_CommutCallback)
    HAL_TIMEx_MasterConfigSynchronization    0x08000f65   Thumb Code   102  stm32f1xx_hal_tim_ex.o(i.HAL_TIMEx_MasterConfigSynchronization)
    HAL_TIM_Base_Init                        0x08000fe1   Thumb Code    74  stm32f1xx_hal_tim.o(i.HAL_TIM_Base_Init)
    HAL_TIM_Base_MspInit                     0x0800102d   Thumb Code    72  stm32f1xx_hal_msp.o(i.HAL_TIM_Base_MspInit)
    HAL_TIM_Base_Start_IT                    0x0800107d   Thumb Code    98  stm32f1xx_hal_tim.o(i.HAL_TIM_Base_Start_IT)
    HAL_TIM_Base_Stop_IT                     0x080010f5   Thumb Code    48  stm32f1xx_hal_tim.o(i.HAL_TIM_Base_Stop_IT)
    HAL_TIM_ConfigClockSource                0x08001125   Thumb Code   226  stm32f1xx_hal_tim.o(i.HAL_TIM_ConfigClockSource)
    HAL_TIM_IC_CaptureCallback               0x08001207   Thumb Code     2  stm32f1xx_hal_tim.o(i.HAL_TIM_IC_CaptureCallback)
    HAL_TIM_IRQHandler                       0x08001209   Thumb Code   366  stm32f1xx_hal_tim.o(i.HAL_TIM_IRQHandler)
    HAL_TIM_MspPostInit                      0x08001379   Thumb Code    82  stm32f1xx_hal_msp.o(i.HAL_TIM_MspPostInit)
    HAL_TIM_OC_DelayElapsedCallback          0x080013d9   Thumb Code     2  stm32f1xx_hal_tim.o(i.HAL_TIM_OC_DelayElapsedCallback)
    HAL_TIM_PWM_ConfigChannel                0x080013db   Thumb Code   210  stm32f1xx_hal_tim.o(i.HAL_TIM_PWM_ConfigChannel)
    HAL_TIM_PWM_Init                         0x080014ad   Thumb Code    74  stm32f1xx_hal_tim.o(i.HAL_TIM_PWM_Init)
    HAL_TIM_PWM_MspInit                      0x080014f7   Thumb Code     2  stm32f1xx_hal_tim.o(i.HAL_TIM_PWM_MspInit)
    HAL_TIM_PWM_PulseFinishedCallback        0x080014f9   Thumb Code     2  stm32f1xx_hal_tim.o(i.HAL_TIM_PWM_PulseFinishedCallback)
    HAL_TIM_PWM_Start                        0x080014fd   Thumb Code   178  stm32f1xx_hal_tim.o(i.HAL_TIM_PWM_Start)
    HAL_TIM_PWM_Stop                         0x080015c5   Thumb Code   116  stm32f1xx_hal_tim.o(i.HAL_TIM_PWM_Stop)
    HAL_TIM_PeriodElapsedCallback            0x08001641   Thumb Code     2  stm32f1xx_hal_tim.o(i.HAL_TIM_PeriodElapsedCallback)
    HAL_TIM_TriggerCallback                  0x08001643   Thumb Code     2  stm32f1xx_hal_tim.o(i.HAL_TIM_TriggerCallback)
    HAL_UART_Init                            0x08001645   Thumb Code   100  stm32f1xx_hal_uart.o(i.HAL_UART_Init)
    HAL_UART_MspInit                         0x080016a9   Thumb Code   100  stm32f1xx_hal_msp.o(i.HAL_UART_MspInit)
    HAL_UART_Transmit                        0x08001719   Thumb Code   190  stm32f1xx_hal_uart.o(i.HAL_UART_Transmit)
    HardFault_Handler                        0x080017d7   Thumb Code     2  stm32f1xx_it.o(i.HardFault_Handler)
    ITM_SendChar                             0x080017d9   Thumb Code    32  retarget_io.o(i.ITM_SendChar)
    MemManage_Handler                        0x080019cd   Thumb Code     2  stm32f1xx_it.o(i.MemManage_Handler)
    NMI_Handler                              0x080019cf   Thumb Code     2  stm32f1xx_it.o(i.NMI_Handler)
    PendSV_Handler                           0x080019d1   Thumb Code     2  stm32f1xx_it.o(i.PendSV_Handler)
    SVC_Handler                              0x080019f9   Thumb Code     2  stm32f1xx_it.o(i.SVC_Handler)
    SysTick_Handler                          0x080019fb   Thumb Code     4  stm32f1xx_it.o(i.SysTick_Handler)
    SystemClock_Config                       0x080019ff   Thumb Code   112  main.o(i.SystemClock_Config)
    SystemInit                               0x08001a6f   Thumb Code     2  system_stm32f1xx.o(i.SystemInit)
    TIM6_IRQHandler                          0x08001a71   Thumb Code    48  stm32f1xx_it.o(i.TIM6_IRQHandler)
    TIM_Base_SetConfig                       0x08001aad   Thumb Code   124  stm32f1xx_hal_tim.o(i.TIM_Base_SetConfig)
    TIM_CCxChannelCmd                        0x08001b3d   Thumb Code    26  stm32f1xx_hal_tim.o(i.TIM_CCxChannelCmd)
    TIM_ETR_SetConfig                        0x08001b57   Thumb Code    20  stm32f1xx_hal_tim.o(i.TIM_ETR_SetConfig)
    TIM_OC2_SetConfig                        0x08001be5   Thumb Code   106  stm32f1xx_hal_tim.o(i.TIM_OC2_SetConfig)
    UnityAssertEqualNumber                   0x08001ed1   Thumb Code   100  unity.o(i.UnityAssertEqualNumber)
    UnityBegin                               0x08001f3d   Thumb Code    26  unity.o(i.UnityBegin)
    UnityConcludeTest                        0x08001f5d   Thumb Code    62  unity.o(i.UnityConcludeTest)
    UnityEnd                                 0x08001fa9   Thumb Code   108  unity.o(i.UnityEnd)
    UnityFail                                0x08002025   Thumb Code   122  unity.o(i.UnityFail)
    UnityPrint                               0x080020b1   Thumb Code    26  unity.o(i.UnityPrint)
    UnityPrintNumber                         0x08002135   Thumb Code    30  unity.o(i.UnityPrintNumber)
    UnityPrintNumberByStyle                  0x08002159   Thumb Code   174  unity.o(i.UnityPrintNumberByStyle)
    UnityPrintNumberHex                      0x0800220d   Thumb Code    60  unity.o(i.UnityPrintNumberHex)
    UnityPrintNumberUnsigned                 0x0800224d   Thumb Code    54  unity.o(i.UnityPrintNumberUnsigned)
    UsageFault_Handler                       0x080022f1   Thumb Code     2  stm32f1xx_it.o(i.UsageFault_Handler)
    __scatterload_copy                       0x08002313   Thumb Code    14  handlers.o(i.__scatterload_copy)
    __scatterload_null                       0x08002321   Thumb Code     2  handlers.o(i.__scatterload_null)
    __scatterload_zeroinit                   0x08002323   Thumb Code    14  handlers.o(i.__scatterload_zeroinit)
    alarmInit                                0x08002331   Thumb Code    20  alarm.o(i.alarmInit)
    alarmSetPSC                              0x08002361   Thumb Code    10  alarm.o(i.alarmSetPSC)
    fputc                                    0x08002371   Thumb Code    26  retarget_io.o(i.fputc)
    genAlarmOff                              0x08002395   Thumb Code    16  alarm.o(i.genAlarmOff)
    genAlarmOn                               0x080023a9   Thumb Code    16  alarm.o(i.genAlarmOn)
    main                                     0x080023bd   Thumb Code    34  main.o(i.main)
    main_test                                0x080023e1   Thumb Code    56  maintest_runner.o(i.main_test)
    putc                                     0x08002475   Thumb Code     4  putc.o(i.putc)
    sendStr                                  0x080024c5   Thumb Code    28  ext_port.o(i.sendStr)
    setUp                                    0x080024e5   Thumb Code     2  maintest.o(i.setUp)
    tearDown                                 0x080024ef   Thumb Code     2  maintest.o(i.tearDown)
    testALARMSensor                          0x080024f1   Thumb Code    72  maintest.o(i.testALARMSensor)
    testDebugPort                            0x0800253d   Thumb Code    36  maintest.o(i.testDebugPort)
    testGASSensor                            0x0800259d   Thumb Code     2  maintest.o(i.testGASSensor)
    testTempSensor                           0x0800259f   Thumb Code     2  maintest.o(i.testTempSensor)
    UnityStrOk                               0x080025a0   Data           3  unity.o(.constdata)
    UnityStrPass                             0x080025a6   Data           5  unity.o(.constdata)
    UnityStrFail                             0x080025ab   Data           5  unity.o(.constdata)
    UnityStrIgnore                           0x080025c0   Data           7  unity.o(.constdata)
    AHBPrescTable                            0x0800275f   Data          16  system_stm32f1xx.o(.constdata)
    APBPrescTable                            0x0800276f   Data           8  system_stm32f1xx.o(.constdata)
    Region$$Table$$Base                      0x08002778   Number         0  anon$$obj.o(Region$$Table)
    Region$$Table$$Limit                     0x08002798   Number         0  anon$$obj.o(Region$$Table)
    gTone                                    0x20000008   Data           4  stm32f1xx_it.o(.data)
    uwTickFreq                               0x2000000c   Data           1  stm32f1xx_hal.o(.data)
    uwTickPrio                               0x20000010   Data           4  stm32f1xx_hal.o(.data)
    uwTick                                   0x20000014   Data           4  stm32f1xx_hal.o(.data)
    SystemCoreClock                          0x20000018   Data           4  system_stm32f1xx.o(.data)
    __stdout                                 0x2000001c   Data           4  stdout.o(.data)
    __stderr                                 0x20000020   Data           4  stderr.o(.data)
    hadc1                                    0x20000024   Data          48  main.o(.bss)
    htim2                                    0x20000054   Data          72  main.o(.bss)
    htim6                                    0x2000009c   Data          72  main.o(.bss)
    huart1                                   0x200000e4   Data          64  main.o(.bss)
    Unity                                    0x20000128   Data         200  unity.o(.bss)
    __initial_sp                             0x200005f0   Data           0  startup_stm32f103xe.o(STACK)



==============================================================================

Memory Map of the image

  Image Entry point : 0x08000131

  Load Region LR_IROM1 (Base: 0x08000000, Size: 0x000027bc, Max: 0x00080000, ABSOLUTE)

    Execution Region ER_IROM1 (Exec base: 0x08000000, Load base: 0x08000000, Size: 0x00002798, Max: 0x00080000, ABSOLUTE)

    Exec Addr    Load Addr    Size         Type   Attr      Idx    E Section Name        Object

    0x08000000   0x08000000   0x00000130   Data   RO            3    RESET               startup_stm32f103xe.o
    0x08000130   0x08000130   0x00000000   Code   RO         3693  * .ARM.Collect$$$$00000000  mc_w.l(entry.o)
    0x08000130   0x08000130   0x00000004   Code   RO         3731    .ARM.Collect$$$$00000001  mc_w.l(entry2.o)
    0x08000134   0x08000134   0x00000004   Code   RO         3734    .ARM.Collect$$$$00000004  mc_w.l(entry5.o)
    0x08000138   0x08000138   0x00000000   Code   RO         3736    .ARM.Collect$$$$00000008  mc_w.l(entry7b.o)
    0x08000138   0x08000138   0x00000000   Code   RO         3738    .ARM.Collect$$$$0000000A  mc_w.l(entry8b.o)
    0x08000138   0x08000138   0x00000008   Code   RO         3739    .ARM.Collect$$$$0000000B  mc_w.l(entry9a.o)
    0x08000140   0x08000140   0x00000000   Code   RO         3741    .ARM.Collect$$$$0000000D  mc_w.l(entry10a.o)
    0x08000140   0x08000140   0x00000000   Code   RO         3743    .ARM.Collect$$$$0000000F  mc_w.l(entry11a.o)
    0x08000140   0x08000140   0x00000004   Code   RO         3732    .ARM.Collect$$$$00002712  mc_w.l(entry2.o)
    0x08000144   0x08000144   0x00000024   Code   RO            4    .text               startup_stm32f103xe.o
    0x08000168   0x08000168   0x00000024   Code   RO         3707    .text               mc_w.l(memcpya.o)
    0x0800018c   0x0800018c   0x00000024   Code   RO         3709    .text               mc_w.l(memseta.o)
    0x080001b0   0x080001b0   0x0000000e   Code   RO         3711    .text               mc_w.l(strlen.o)
    0x080001be   0x080001be   0x0000003e   Code   RO         3729    .text               mf_w.l(setjmp.o)
    0x080001fc   0x080001fc   0x00000024   Code   RO         3748    .text               mc_w.l(init.o)
    0x08000220   0x08000220   0x0000004a   Code   RO          980    i.ADC_ConversionStop_Disable  stm32f1xx_hal_adc.o
    0x0800026a   0x0800026a   0x00000002   Code   RO          293    i.BusFault_Handler  stm32f1xx_it.o
    0x0800026c   0x0800026c   0x00000002   Code   RO          888    i.CMock_Destroy     maintest_runner.o
    0x0800026e   0x0800026e   0x00000002   Code   RO          889    i.CMock_Init        maintest_runner.o
    0x08000270   0x08000270   0x00000002   Code   RO          890    i.CMock_Verify      maintest_runner.o
    0x08000272   0x08000272   0x00000002   Code   RO          294    i.DebugMon_Handler  stm32f1xx_it.o
    0x08000274   0x08000274   0x00000004   Code   RO          220    i.Error_Handler     main.o
    0x08000278   0x08000278   0x00000108   Code   RO          986    i.HAL_ADC_ConfigChannel  stm32f1xx_hal_adc.o
    0x08000380   0x08000380   0x00000124   Code   RO          995    i.HAL_ADC_Init      stm32f1xx_hal_adc.o
    0x080004a4   0x080004a4   0x00000058   Code   RO          379    i.HAL_ADC_MspInit   stm32f1xx_hal_msp.o
    0x080004fc   0x080004fc   0x00000024   Code   RO         1263    i.HAL_Delay         stm32f1xx_hal.o
    0x08000520   0x08000520   0x00000214   Code   RO         1576    i.HAL_GPIO_Init     stm32f1xx_hal_gpio.o
    0x08000734   0x08000734   0x00000010   Code   RO         1579    i.HAL_GPIO_TogglePin  stm32f1xx_hal_gpio.o
    0x08000744   0x08000744   0x0000000e   Code   RO         1580    i.HAL_GPIO_WritePin  stm32f1xx_hal_gpio.o
    0x08000752   0x08000752   0x00000002   PAD
    0x08000754   0x08000754   0x0000000c   Code   RO         1267    i.HAL_GetTick       stm32f1xx_hal.o
    0x08000760   0x08000760   0x00000010   Code   RO         1273    i.HAL_IncTick       stm32f1xx_hal.o
    0x08000770   0x08000770   0x00000024   Code   RO         1274    i.HAL_Init          stm32f1xx_hal.o
    0x08000794   0x08000794   0x00000044   Code   RO         1275    i.HAL_InitTick      stm32f1xx_hal.o
    0x080007d8   0x080007d8   0x0000003c   Code   RO          380    i.HAL_MspInit       stm32f1xx_hal_msp.o
    0x08000814   0x08000814   0x0000001a   Code   RO         1736    i.HAL_NVIC_EnableIRQ  stm32f1xx_hal_cortex.o
    0x0800082e   0x0800082e   0x00000002   PAD
    0x08000830   0x08000830   0x00000040   Code   RO         1742    i.HAL_NVIC_SetPriority  stm32f1xx_hal_cortex.o
    0x08000870   0x08000870   0x00000024   Code   RO         1743    i.HAL_NVIC_SetPriorityGrouping  stm32f1xx_hal_cortex.o
    0x08000894   0x08000894   0x0000010c   Code   RO         1539    i.HAL_RCCEx_PeriphCLKConfig  stm32f1xx_hal_rcc_ex.o
    0x080009a0   0x080009a0   0x00000154   Code   RO         1431    i.HAL_RCC_ClockConfig  stm32f1xx_hal_rcc.o
    0x08000af4   0x08000af4   0x0000000c   Code   RO         1436    i.HAL_RCC_GetHCLKFreq  stm32f1xx_hal_rcc.o
    0x08000b00   0x08000b00   0x00000020   Code   RO         1438    i.HAL_RCC_GetPCLK1Freq  stm32f1xx_hal_rcc.o
    0x08000b20   0x08000b20   0x00000020   Code   RO         1439    i.HAL_RCC_GetPCLK2Freq  stm32f1xx_hal_rcc.o
    0x08000b40   0x08000b40   0x00000074   Code   RO         1440    i.HAL_RCC_GetSysClockFreq  stm32f1xx_hal_rcc.o
    0x08000bb4   0x08000bb4   0x00000384   Code   RO         1443    i.HAL_RCC_OscConfig  stm32f1xx_hal_rcc.o
    0x08000f38   0x08000f38   0x00000028   Code   RO         1747    i.HAL_SYSTICK_Config  stm32f1xx_hal_cortex.o
    0x08000f60   0x08000f60   0x00000002   Code   RO         2974    i.HAL_TIMEx_BreakCallback  stm32f1xx_hal_tim_ex.o
    0x08000f62   0x08000f62   0x00000002   Code   RO         2975    i.HAL_TIMEx_CommutCallback  stm32f1xx_hal_tim_ex.o
    0x08000f64   0x08000f64   0x0000007c   Code   RO         2993    i.HAL_TIMEx_MasterConfigSynchronization  stm32f1xx_hal_tim_ex.o
    0x08000fe0   0x08000fe0   0x0000004a   Code   RO         2259    i.HAL_TIM_Base_Init  stm32f1xx_hal_tim.o
    0x0800102a   0x0800102a   0x00000002   PAD
    0x0800102c   0x0800102c   0x00000050   Code   RO          382    i.HAL_TIM_Base_MspInit  stm32f1xx_hal_msp.o
    0x0800107c   0x0800107c   0x00000078   Code   RO         2264    i.HAL_TIM_Base_Start_IT  stm32f1xx_hal_tim.o
    0x080010f4   0x080010f4   0x00000030   Code   RO         2267    i.HAL_TIM_Base_Stop_IT  stm32f1xx_hal_tim.o
    0x08001124   0x08001124   0x000000e2   Code   RO         2268    i.HAL_TIM_ConfigClockSource  stm32f1xx_hal_tim.o
    0x08001206   0x08001206   0x00000002   Code   RO         2293    i.HAL_TIM_IC_CaptureCallback  stm32f1xx_hal_tim.o
    0x08001208   0x08001208   0x0000016e   Code   RO         2307    i.HAL_TIM_IRQHandler  stm32f1xx_hal_tim.o
    0x08001376   0x08001376   0x00000002   PAD
    0x08001378   0x08001378   0x00000060   Code   RO          383    i.HAL_TIM_MspPostInit  stm32f1xx_hal_msp.o
    0x080013d8   0x080013d8   0x00000002   Code   RO         2310    i.HAL_TIM_OC_DelayElapsedCallback  stm32f1xx_hal_tim.o
    0x080013da   0x080013da   0x000000d2   Code   RO         2331    i.HAL_TIM_PWM_ConfigChannel  stm32f1xx_hal_tim.o
    0x080014ac   0x080014ac   0x0000004a   Code   RO         2334    i.HAL_TIM_PWM_Init  stm32f1xx_hal_tim.o
    0x080014f6   0x080014f6   0x00000002   Code   RO         2336    i.HAL_TIM_PWM_MspInit  stm32f1xx_hal_tim.o
    0x080014f8   0x080014f8   0x00000002   Code   RO         2337    i.HAL_TIM_PWM_PulseFinishedCallback  stm32f1xx_hal_tim.o
    0x080014fa   0x080014fa   0x00000002   PAD
    0x080014fc   0x080014fc   0x000000c8   Code   RO         2339    i.HAL_TIM_PWM_Start  stm32f1xx_hal_tim.o
    0x080015c4   0x080015c4   0x0000007c   Code   RO         2342    i.HAL_TIM_PWM_Stop  stm32f1xx_hal_tim.o
    0x08001640   0x08001640   0x00000002   Code   RO         2345    i.HAL_TIM_PeriodElapsedCallback  stm32f1xx_hal_tim.o
    0x08001642   0x08001642   0x00000002   Code   RO         2350    i.HAL_TIM_TriggerCallback  stm32f1xx_hal_tim.o
    0x08001644   0x08001644   0x00000064   Code   RO         3266    i.HAL_UART_Init     stm32f1xx_hal_uart.o
    0x080016a8   0x080016a8   0x00000070   Code   RO          385    i.HAL_UART_MspInit  stm32f1xx_hal_msp.o
    0x08001718   0x08001718   0x000000be   Code   RO         3274    i.HAL_UART_Transmit  stm32f1xx_hal_uart.o
    0x080017d6   0x080017d6   0x00000002   Code   RO          295    i.HardFault_Handler  stm32f1xx_it.o
    0x080017d8   0x080017d8   0x00000024   Code   RO         3608    i.ITM_SendChar      retarget_io.o
    0x080017fc   0x080017fc   0x0000004c   Code   RO          221    i.MX_ADC1_Init      main.o
    0x08001848   0x08001848   0x00000070   Code   RO          222    i.MX_GPIO_Init      main.o
    0x080018b8   0x080018b8   0x00000098   Code   RO          223    i.MX_TIM2_Init      main.o
    0x08001950   0x08001950   0x00000048   Code   RO          224    i.MX_TIM6_Init      main.o
    0x08001998   0x08001998   0x00000034   Code   RO          225    i.MX_USART1_UART_Init  main.o
    0x080019cc   0x080019cc   0x00000002   Code   RO          296    i.MemManage_Handler  stm32f1xx_it.o
    0x080019ce   0x080019ce   0x00000002   Code   RO          297    i.NMI_Handler       stm32f1xx_it.o
    0x080019d0   0x080019d0   0x00000002   Code   RO          298    i.PendSV_Handler    stm32f1xx_it.o
    0x080019d2   0x080019d2   0x00000002   PAD
    0x080019d4   0x080019d4   0x00000024   Code   RO         1444    i.RCC_Delay         stm32f1xx_hal_rcc.o
    0x080019f8   0x080019f8   0x00000002   Code   RO          299    i.SVC_Handler       stm32f1xx_it.o
    0x080019fa   0x080019fa   0x00000004   Code   RO          300    i.SysTick_Handler   stm32f1xx_it.o
    0x080019fe   0x080019fe   0x00000070   Code   RO          226    i.SystemClock_Config  main.o
    0x08001a6e   0x08001a6e   0x00000002   Code   RO         3573    i.SystemInit        system_stm32f1xx.o
    0x08001a70   0x08001a70   0x0000003c   Code   RO          301    i.TIM6_IRQHandler   stm32f1xx_it.o
    0x08001aac   0x08001aac   0x00000090   Code   RO         2352    i.TIM_Base_SetConfig  stm32f1xx_hal_tim.o
    0x08001b3c   0x08001b3c   0x0000001a   Code   RO         2353    i.TIM_CCxChannelCmd  stm32f1xx_hal_tim.o
    0x08001b56   0x08001b56   0x00000014   Code   RO         2363    i.TIM_ETR_SetConfig  stm32f1xx_hal_tim.o
    0x08001b6a   0x08001b6a   0x00000010   Code   RO         2364    i.TIM_ITRx_SetConfig  stm32f1xx_hal_tim.o
    0x08001b7a   0x08001b7a   0x00000002   PAD
    0x08001b7c   0x08001b7c   0x00000068   Code   RO         2365    i.TIM_OC1_SetConfig  stm32f1xx_hal_tim.o
    0x08001be4   0x08001be4   0x00000074   Code   RO         2366    i.TIM_OC2_SetConfig  stm32f1xx_hal_tim.o
    0x08001c58   0x08001c58   0x00000070   Code   RO         2367    i.TIM_OC3_SetConfig  stm32f1xx_hal_tim.o
    0x08001cc8   0x08001cc8   0x00000054   Code   RO         2368    i.TIM_OC4_SetConfig  stm32f1xx_hal_tim.o
    0x08001d1c   0x08001d1c   0x00000022   Code   RO         2370    i.TIM_TI1_ConfigInputStage  stm32f1xx_hal_tim.o
    0x08001d3e   0x08001d3e   0x00000024   Code   RO         2372    i.TIM_TI2_ConfigInputStage  stm32f1xx_hal_tim.o
    0x08001d62   0x08001d62   0x00000002   PAD
    0x08001d64   0x08001d64   0x000000b8   Code   RO         3293    i.UART_SetConfig    stm32f1xx_hal_uart.o
    0x08001e1c   0x08001e1c   0x00000064   Code   RO         3295    i.UART_WaitOnFlagUntilTimeout  stm32f1xx_hal_uart.o
    0x08001e80   0x08001e80   0x00000050   Code   RO          561    i.UnityAddMsgIfSpecified  unity.o
    0x08001ed0   0x08001ed0   0x0000006c   Code   RO          566    i.UnityAssertEqualNumber  unity.o
    0x08001f3c   0x08001f3c   0x00000020   Code   RO          575    i.UnityBegin        unity.o
    0x08001f5c   0x08001f5c   0x0000004c   Code   RO          576    i.UnityConcludeTest  unity.o
    0x08001fa8   0x08001fa8   0x0000007c   Code   RO          578    i.UnityEnd          unity.o
    0x08002024   0x08002024   0x0000008c   Code   RO          579    i.UnityFail         unity.o
    0x080020b0   0x080020b0   0x0000001a   Code   RO          586    i.UnityPrint        unity.o
    0x080020ca   0x080020ca   0x00000002   PAD
    0x080020cc   0x080020cc   0x00000068   Code   RO          587    i.UnityPrintChar    unity.o
    0x08002134   0x08002134   0x00000024   Code   RO          593    i.UnityPrintNumber  unity.o
    0x08002158   0x08002158   0x000000b4   Code   RO          594    i.UnityPrintNumberByStyle  unity.o
    0x0800220c   0x0800220c   0x00000040   Code   RO          595    i.UnityPrintNumberHex  unity.o
    0x0800224c   0x0800224c   0x0000003c   Code   RO          596    i.UnityPrintNumberUnsigned  unity.o
    0x08002288   0x08002288   0x0000003c   Code   RO          598    i.UnityTestResultsBegin  unity.o
    0x080022c4   0x080022c4   0x0000002c   Code   RO          599    i.UnityTestResultsFailBegin  unity.o
    0x080022f0   0x080022f0   0x00000002   Code   RO          302    i.UsageFault_Handler  stm32f1xx_it.o
    0x080022f2   0x080022f2   0x00000020   Code   RO         1749    i.__NVIC_SetPriority  stm32f1xx_hal_cortex.o
    0x08002312   0x08002312   0x0000000e   Code   RO         3752    i.__scatterload_copy  mc_w.l(handlers.o)
    0x08002320   0x08002320   0x00000002   Code   RO         3753    i.__scatterload_null  mc_w.l(handlers.o)
    0x08002322   0x08002322   0x0000000e   Code   RO         3754    i.__scatterload_zeroinit  mc_w.l(handlers.o)
    0x08002330   0x08002330   0x00000018   Code   RO          138    i.alarmInit         alarm.o
    0x08002348   0x08002348   0x0000000c   Code   RO          139    i.alarmOff          alarm.o
    0x08002354   0x08002354   0x0000000c   Code   RO          140    i.alarmOn           alarm.o
    0x08002360   0x08002360   0x00000010   Code   RO          186    i.alarmSetPSC       alarm.o
    0x08002370   0x08002370   0x00000024   Code   RO         3613    i.fputc             retarget_io.o
    0x08002394   0x08002394   0x00000014   Code   RO          141    i.genAlarmOff       alarm.o
    0x080023a8   0x080023a8   0x00000014   Code   RO          142    i.genAlarmOn        alarm.o
    0x080023bc   0x080023bc   0x00000022   Code   RO          227    i.main              main.o
    0x080023de   0x080023de   0x00000002   PAD
    0x080023e0   0x080023e0   0x00000094   Code   RO          891    i.main_test         maintest_runner.o
    0x08002474   0x08002474   0x00000004   Code   RO         3698    i.putc              mc_w.l(putc.o)
    0x08002478   0x08002478   0x0000004c   Code   RO          893    i.run_test          maintest_runner.o
    0x080024c4   0x080024c4   0x00000020   Code   RO           13    i.sendStr           ext_port.o
    0x080024e4   0x080024e4   0x00000002   Code   RO          826    i.setUp             maintest.o
    0x080024e6   0x080024e6   0x00000004   Code   RO         3614    i.stderr_putchar    retarget_io.o
    0x080024ea   0x080024ea   0x00000004   Code   RO         3616    i.stdout_putchar    retarget_io.o
    0x080024ee   0x080024ee   0x00000002   Code   RO          827    i.tearDown          maintest.o
    0x080024f0   0x080024f0   0x0000004c   Code   RO          828    i.testALARMSensor   maintest.o
    0x0800253c   0x0800253c   0x00000060   Code   RO          829    i.testDebugPort     maintest.o
    0x0800259c   0x0800259c   0x00000002   Code   RO          830    i.testGASSensor     maintest.o
    0x0800259e   0x0800259e   0x00000002   Code   RO          831    i.testTempSensor    maintest.o
    0x080025a0   0x080025a0   0x00000194   Data   RO          603    .constdata          unity.o
    0x08002734   0x08002734   0x00000009   Data   RO          604    .constdata          unity.o
    0x0800273d   0x0800273d   0x00000012   Data   RO          605    .constdata          unity.o
    0x0800274f   0x0800274f   0x00000004   Data   RO          606    .constdata          unity.o
    0x08002753   0x08002753   0x0000000c   Data   RO          607    .constdata          unity.o
    0x0800275f   0x0800275f   0x00000010   Data   RO         3574    .constdata          system_stm32f1xx.o
    0x0800276f   0x0800276f   0x00000008   Data   RO         3575    .constdata          system_stm32f1xx.o
    0x08002777   0x08002777   0x00000001   PAD
    0x08002778   0x08002778   0x00000020   Data   RO         3750    Region$$Table       anon$$obj.o


    Execution Region RW_IRAM1 (Exec base: 0x20000000, Load base: 0x08002798, Size: 0x000005f0, Max: 0x00010000, ABSOLUTE)

    Exec Addr    Load Addr    Size         Type   Attr      Idx    E Section Name        Object

    0x20000000   0x08002798   0x00000008   Data   RW          144    .data               alarm.o
    0x20000008   0x080027a0   0x00000004   Data   RW          303    .data               stm32f1xx_it.o
    0x2000000c   0x080027a4   0x0000000c   Data   RW         1281    .data               stm32f1xx_hal.o
    0x20000018   0x080027b0   0x00000004   Data   RW         3576    .data               system_stm32f1xx.o
    0x2000001c   0x080027b4   0x00000004   Data   RW         3703    .data               mc_w.l(stdout.o)
    0x20000020   0x080027b8   0x00000004   Data   RW         3704    .data               mc_w.l(stderr.o)
    0x20000024        -       0x00000100   Zero   RW          228    .bss                main.o
    0x20000124   0x080027bc   0x00000004   PAD
    0x20000128        -       0x000000c8   Zero   RW          602    .bss                unity.o
    0x200001f0        -       0x00000400   Zero   RW            1    STACK               startup_stm32f103xe.o


==============================================================================

Image component sizes


      Code (inc. data)   RO Data    RW Data    ZI Data      Debug   Object Name

       104         26          0          8          0       3641   alarm.o
         0          0          0          0          0        575   cmock.o
        32          4          0          0          0     499915   ext_port.o
       614         40          0          0        256       4819   main.o
       180         64          0          0          0      49568   maintest.o
       230         98          0          0          0       2220   maintest_runner.o
        80         14          0          0          0       3407   retarget_io.o
        36          8        304          0       1024        812   startup_stm32f103xe.o
       168         28          0         12          0       6597   stm32f1xx_hal.o
       630         28          0          0          0       3268   stm32f1xx_hal_adc.o
       198         14          0          0          0      29099   stm32f1xx_hal_cortex.o
       562         40          0          0          0       3469   stm32f1xx_hal_gpio.o
       436         56          0          0          0       3652   stm32f1xx_hal_msp.o
      1468        106          0          0          0       6740   stm32f1xx_hal_rcc.o
       268         12          0          0          0       1476   stm32f1xx_hal_rcc_ex.o
      2146        108          0          0          0      18238   stm32f1xx_hal_tim.o
       128         22          0          0          0       2485   stm32f1xx_hal_tim_ex.o
       574          6          0          0          0       3820   stm32f1xx_hal_uart.o
        80         12          0          4          0       4712   stm32f1xx_it.o
         2          0         24          4          0       1143   system_stm32f1xx.o
      1134        124        447          0        200      57982   unity.o

    ----------------------------------------------------------------------
      9090        810        808         28       1484     707638   Object Totals
         0          0         32          0          0          0   (incl. Generated)
        20          0          1          0          4          0   (incl. Padding)

    ----------------------------------------------------------------------

      Code (inc. data)   RO Data    RW Data    ZI Data      Debug   Library Member Name

         0          0          0          0          0          0   entry.o
         0          0          0          0          0          0   entry10a.o
         0          0          0          0          0          0   entry11a.o
         8          4          0          0          0          0   entry2.o
         4          0          0          0          0          0   entry5.o
         0          0          0          0          0          0   entry7b.o
         0          0          0          0          0          0   entry8b.o
         8          4          0          0          0          0   entry9a.o
        30          0          0          0          0          0   handlers.o
        36          8          0          0          0         68   init.o
        36          0          0          0          0         68   memcpya.o
        36          0          0          0          0        108   memseta.o
         4          0          0          0          0         68   putc.o
         0          0          0          4          0          0   stderr.o
         0          0          0          4          0          0   stdout.o
        14          0          0          0          0         68   strlen.o
        62          0          0          0          0         96   setjmp.o

    ----------------------------------------------------------------------
       238         16          0          8          0        476   Library Totals
         0          0          0          0          0          0   (incl. Padding)

    ----------------------------------------------------------------------

      Code (inc. data)   RO Data    RW Data    ZI Data      Debug   Library Name

       176         16          0          8          0        380   mc_w.l
        62          0          0          0          0         96   mf_w.l

    ----------------------------------------------------------------------
       238         16          0          8          0        476   Library Totals

    ----------------------------------------------------------------------

==============================================================================


      Code (inc. data)   RO Data    RW Data    ZI Data      Debug   

      9328        826        808         36       1484     702390   Grand Totals
      9328        826        808         36       1484     702390   ELF Image Totals
      9328        826        808         36          0          0   ROM Totals

==============================================================================

    Total RO  Size (Code + RO Data)                10136 (   9.90kB)
    Total RW  Size (RW Data + ZI Data)              1520 (   1.48kB)
    Total ROM Size (Code + RO Data + RW Data)      10172 (   9.93kB)

==============================================================================

